../Core/Src/main.c:130:5:main	24	static
../Core/Src/main.c:286:6:SystemClock_Config	88	static
../Core/Src/main.c:329:13:MX_CRC_Init	8	static
../Core/Src/main.c:355:13:MX_I2C1_Init	8	static
../Core/Src/main.c:389:13:MX_I2C2_Init	8	static
../Core/Src/main.c:423:13:MX_RTC_Init	32	static
../Core/Src/main.c:493:13:MX_TIM1_Init	32	static
../Core/Src/main.c:539:13:MX_USART1_UART_Init	8	static
../Core/Src/main.c:572:13:MX_USART2_UART_Init	8	static
../Core/Src/main.c:605:13:MX_GPIO_Init	48	static
../Core/Src/main.c:630:6:MPU6050_Init	32	static
../Core/Src/main.c:662:6:MPU6050_Read_Accel	32	static
../Core/Src/main.c:689:6:MAX30102_PollingRoutine	8	static
../Core/Src/main.c:717:13:AI_Init	16	static
../Core/Src/main.c:733:13:AI_Run	24	static
../Core/Src/main.c:750:17:argmax	32	static
../Core/Src/main.c:763:6:HAL_GPIO_EXTI_Callback	16	static,ignoring_inline_asm
../Core/Src/main.c:774:6:HAL_TIM_PeriodElapsedCallback	16	static
../Core/Src/main.c:796:6:Error_Handler	4	static,ignoring_inline_asm
