Archive member included to satisfy reference by file (symbol)

../Middlewares/ST/AI/Lib\NetworkRuntime730_CM4_GCC.a(ai_platform.o)
                              ./X-CUBE-AI/App/network.o (ai_buffer_array_item_set_address)
../Middlewares/ST/AI/Lib\NetworkRuntime730_CM4_GCC.a(ai_platform_interface.o)
                              ./X-CUBE-AI/App/network.o (ai_platform_get_weights_map)
../Middlewares/ST/AI/Lib\NetworkRuntime730_CM4_GCC.a(core_mem_manager.o)
                              ../Middlewares/ST/AI/Lib\NetworkRuntime730_CM4_GCC.a(ai_platform_interface.o) (core_mem_alloc)
../Middlewares/ST/AI/Lib\NetworkRuntime730_CM4_GCC.a(core_common.o)
                              ../Middlewares/ST/AI/Lib\NetworkRuntime730_CM4_GCC.a(ai_platform_interface.o) (core_init)
../Middlewares/ST/AI/Lib\NetworkRuntime730_CM4_GCC.a(layers_conv2d_generic_float.o)
                              ./X-CUBE-AI/App/network.o (forward_conv2d)
../Middlewares/ST/AI/Lib\NetworkRuntime730_CM4_GCC.a(layers_nl_generic_float.o)
                              ./X-CUBE-AI/App/network.o (nl_func_relu_array_f32)
../Middlewares/ST/AI/Lib\NetworkRuntime730_CM4_GCC.a(layers.o)
                              ../Middlewares/ST/AI/Lib\NetworkRuntime730_CM4_GCC.a(ai_platform_interface.o) (ai_check_custom_types)
../Middlewares/ST/AI/Lib\NetworkRuntime730_CM4_GCC.a(lite_dense_if32.o)
                              ../Middlewares/ST/AI/Lib\NetworkRuntime730_CM4_GCC.a(layers_conv2d_generic_float.o) (lite_dense_if32of32wf32)
../Middlewares/ST/AI/Lib\NetworkRuntime730_CM4_GCC.a(arm_mat_init_f32.o)
                              ../Middlewares/ST/AI/Lib\NetworkRuntime730_CM4_GCC.a(layers_conv2d_generic_float.o) (st_dsp_arm_mat_init_f32)
../Middlewares/ST/AI/Lib\NetworkRuntime730_CM4_GCC.a(ai_datatypes_internal.o)
                              ../Middlewares/ST/AI/Lib\NetworkRuntime730_CM4_GCC.a(ai_platform_interface.o) (ai_version_get)
../Middlewares/ST/AI/Lib\NetworkRuntime730_CM4_GCC.a(ai_datatypes_format.o)
                              ../Middlewares/ST/AI/Lib\NetworkRuntime730_CM4_GCC.a(ai_platform_interface.o) (ai_array_to_buffer_fmt)
../Middlewares/ST/AI/Lib\NetworkRuntime730_CM4_GCC.a(ai_math_helpers.o)
                              ../Middlewares/ST/AI/Lib\NetworkRuntime730_CM4_GCC.a(layers_nl_generic_float.o) (ai_math_sqrt)
../Middlewares/ST/AI/Lib\NetworkRuntime730_CM4_GCC.a(st_convolve_reference.o)
                              ../Middlewares/ST/AI/Lib\NetworkRuntime730_CM4_GCC.a(ai_math_helpers.o) (align_factor)
d:/software/stm32cubeide_1.10.1/stm32cubeide/plugins/com.st.stm32cube.ide.mcu.externaltools.gnu-tools-for-stm32.10.3-2021.10.win32_1.0.0.202111181127/tools/bin/../lib/gcc/arm-none-eabi/10.3.1/../../../../arm-none-eabi/lib/thumb/v7e-m+fp/hard\libc_nano.a(lib_a-errno.o)
                              ./Core/Src/sysmem.o (__errno)
d:/software/stm32cubeide_1.10.1/stm32cubeide/plugins/com.st.stm32cube.ide.mcu.externaltools.gnu-tools-for-stm32.10.3-2021.10.win32_1.0.0.202111181127/tools/bin/../lib/gcc/arm-none-eabi/10.3.1/../../../../arm-none-eabi/lib/thumb/v7e-m+fp/hard\libc_nano.a(lib_a-exit.o)
                              d:/software/stm32cubeide_1.10.1/stm32cubeide/plugins/com.st.stm32cube.ide.mcu.externaltools.gnu-tools-for-stm32.10.3-2021.10.win32_1.0.0.202111181127/tools/bin/../lib/gcc/arm-none-eabi/10.3.1/../../../../arm-none-eabi/lib/thumb/v7e-m+fp/hard/crt0.o (exit)
d:/software/stm32cubeide_1.10.1/stm32cubeide/plugins/com.st.stm32cube.ide.mcu.externaltools.gnu-tools-for-stm32.10.3-2021.10.win32_1.0.0.202111181127/tools/bin/../lib/gcc/arm-none-eabi/10.3.1/../../../../arm-none-eabi/lib/thumb/v7e-m+fp/hard\libc_nano.a(lib_a-impure.o)
                              d:/software/stm32cubeide_1.10.1/stm32cubeide/plugins/com.st.stm32cube.ide.mcu.externaltools.gnu-tools-for-stm32.10.3-2021.10.win32_1.0.0.202111181127/tools/bin/../lib/gcc/arm-none-eabi/10.3.1/../../../../arm-none-eabi/lib/thumb/v7e-m+fp/hard\libc_nano.a(lib_a-exit.o) (_global_impure_ptr)
d:/software/stm32cubeide_1.10.1/stm32cubeide/plugins/com.st.stm32cube.ide.mcu.externaltools.gnu-tools-for-stm32.10.3-2021.10.win32_1.0.0.202111181127/tools/bin/../lib/gcc/arm-none-eabi/10.3.1/../../../../arm-none-eabi/lib/thumb/v7e-m+fp/hard\libc_nano.a(lib_a-init.o)
                              d:/software/stm32cubeide_1.10.1/stm32cubeide/plugins/com.st.stm32cube.ide.mcu.externaltools.gnu-tools-for-stm32.10.3-2021.10.win32_1.0.0.202111181127/tools/bin/../lib/gcc/arm-none-eabi/10.3.1/../../../../arm-none-eabi/lib/thumb/v7e-m+fp/hard/crt0.o (__libc_init_array)
d:/software/stm32cubeide_1.10.1/stm32cubeide/plugins/com.st.stm32cube.ide.mcu.externaltools.gnu-tools-for-stm32.10.3-2021.10.win32_1.0.0.202111181127/tools/bin/../lib/gcc/arm-none-eabi/10.3.1/../../../../arm-none-eabi/lib/thumb/v7e-m+fp/hard\libc_nano.a(lib_a-malloc.o)
                              ../Middlewares/ST/AI/Lib\NetworkRuntime730_CM4_GCC.a(core_mem_manager.o) (malloc)
[...]
Memory Configuration

Name             Origin             Length             Attributes
CCMRAM           0x0000000010000000 0x0000000000010000 xrw
RAM              0x0000000020000000 0x000000000001c000 xrw
FLASH            0x0000000008000000 0x0000000000080000 xr
*default*        0x0000000000000000 0xffffffffffffffff

Linker script and memory map

LOAD d:/software/stm32cubeide_1.10.1/stm32cubeide/plugins/com.st.stm32cube.ide.mcu.externaltools.gnu-tools-for-stm32.10.3-2021.10.win32_1.0.0.202111181127/tools/bin/../lib/gcc/arm-none-eabi/10.3.1/thumb/v7e-m+fp/hard/crti.o
LOAD d:/software/stm32cubeide_1.10.1/stm32cubeide/plugins/com.st.stm32cube.ide.mcu.externaltools.gnu-tools-for-stm32.10.3-2021.10.win32_1.0.0.202111181127/tools/bin/../lib/gcc/arm-none-eabi/10.3.1/thumb/v7e-m+fp/hard/crtbegin.o
LOAD d:/software/stm32cubeide_1.10.1/stm32cubeide/plugins/com.st.stm32cube.ide.mcu.externaltools.gnu-tools-for-stm32.10.3-2021.10.win32_1.0.0.202111181127/tools/bin/../lib/gcc/arm-none-eabi/10.3.1/../../../../arm-none-eabi/lib/thumb/v7e-m+fp/hard/crt0.o
LOAD ./Core/Src/EspDataLogger/espdatalogger.o
LOAD ./Core/Src/EspDataLogger/uartringbuffer.o
LOAD ./Core/Src/MAX30102/MAX30102.o
LOAD ./Core/Src/MAX30102/algorithm.o
LOAD ./Core/Src/main.o
LOAD ./Core/Src/stm32f4xx_hal_msp.o
LOAD ./Core/Src/stm32f4xx_it.o
LOAD ./Core/Src/sysmem.o
LOAD ./Core/Src/system_stm32f4xx.o
LOAD ./Core/Startup/startup_stm32f407vetx.o
LOAD ./Drivers/STM32F4xx_HAL_Driver/Src/stm32f4xx_hal.o
LOAD ./Drivers/STM32F4xx_HAL_Driver/Src/stm32f4xx_hal_cortex.o
LOAD ./Drivers/STM32F4xx_HAL_Driver/Src/stm32f4xx_hal_crc.o
LOAD ./Drivers/STM32F4xx_HAL_Driver/Src/stm32f4xx_hal_dma.o
LOAD ./Drivers/STM32F4xx_HAL_Driver/Src/stm32f4xx_hal_dma_ex.o
LOAD ./Drivers/STM32F4xx_HAL_Driver/Src/stm32f4xx_hal_exti.o
LOAD ./Drivers/STM32F4xx_HAL_Driver/Src/stm32f4xx_hal_flash.o
LOAD ./Drivers/STM32F4xx_HAL_Driver/Src/stm32f4xx_hal_flash_ex.o
LOAD ./Drivers/STM32F4xx_HAL_Driver/Src/stm32f4xx_hal_flash_ramfunc.o
LOAD ./Drivers/STM32F4xx_HAL_Driver/Src/stm32f4xx_hal_gpio.o
LOAD ./Drivers/STM32F4xx_HAL_Driver/Src/stm32f4xx_hal_i2c.o
LOAD ./Drivers/STM32F4xx_HAL_Driver/Src/stm32f4xx_hal_i2c_ex.o
LOAD ./Drivers/STM32F4xx_HAL_Driver/Src/stm32f4xx_hal_pwr.o
LOAD ./Drivers/STM32F4xx_HAL_Driver/Src/stm32f4xx_hal_pwr_ex.o
LOAD ./Drivers/STM32F4xx_HAL_Driver/Src/stm32f4xx_hal_rcc.o
LOAD ./Drivers/STM32F4xx_HAL_Driver/Src/stm32f4xx_hal_rcc_ex.o
LOAD ./Drivers/STM32F4xx_HAL_Driver/Src/stm32f4xx_hal_rtc.o
LOAD ./Drivers/STM32F4xx_HAL_Driver/Src/stm32f4xx_hal_rtc_ex.o
LOAD ./Drivers/STM32F4xx_HAL_Driver/Src/stm32f4xx_hal_tim.o
LOAD ./Drivers/STM32F4xx_HAL_Driver/Src/stm32f4xx_hal_tim_ex.o
LOAD ./Drivers/STM32F4xx_HAL_Driver/Src/stm32f4xx_hal_uart.o
LOAD ./X-CUBE-AI/App/network.o
LOAD ./X-CUBE-AI/App/network_data.o
LOAD ./X-CUBE-AI/App/network_data_params.o
LOAD ../Middlewares/ST/AI/Lib\NetworkRuntime730_CM4_GCC.a
START GROUP
LOAD d:/software/stm32cubeide_1.10.1/stm32cubeide/plugins/com.st.stm32cube.ide.mcu.externaltools.gnu-tools-for-stm32.10.3-2021.10.win32_1.0.0.202111181127/tools/bin/../lib/gcc/arm-none-eabi/10.3.1/../../../../arm-none-eabi/lib/thumb/v7e-m+fp/hard\libc_nano.a
LOAD d:/software/stm32cubeide_1.10.1/stm32cubeide/plugins/com.st.stm32cube.ide.mcu.externaltools.gnu-tools-for-stm32.10.3-2021.10.win32_1.0.0.202111181127/tools/bin/../lib/gcc/arm-none-eabi/10.3.1/../../../../arm-none-eabi/lib/thumb/v7e-m+fp/hard\libm.a
END GROUP
START GROUP
LOAD d:/software/stm32cubeide_1.10.1/stm32cubeide/plugins/com.st.stm32cube.ide.mcu.externaltools.gnu-tools-for-stm32.10.3-2021.10.win32_1.0.0.202111181127/tools/bin/../lib/gcc/arm-none-eabi/10.3.1/thumb/v7e-m+fp/hard\libgcc.a
LOAD d:/software/stm32cubeide_1.10.1/stm32cubeide/plugins/com.st.stm32cube.ide.mcu.externaltools.gnu-tools-for-stm32.10.3-2021.10.win32_1.0.0.202111181127/tools/bin/../lib/gcc/arm-none-eabi/10.3.1/../../../../arm-none-eabi/lib/thumb/v7e-m+fp/hard\libc_nano.a
END GROUP
START GROUP
LOAD d:/software/stm32cubeide_1.10.1/stm32cubeide/plugins/com.st.stm32cube.ide.mcu.externaltools.gnu-tools-for-stm32.10.3-2021.10.win32_1.0.0.202111181127/tools/bin/../lib/gcc/arm-none-eabi/10.3.1/thumb/v7e-m+fp/hard\libgcc.a
LOAD d:/software/stm32cubeide_1.10.1/stm32cubeide/plugins/com.st.stm32cube.ide.mcu.externaltools.gnu-tools-for-stm32.10.3-2021.10.win32_1.0.0.202111181127/tools/bin/../lib/gcc/arm-none-eabi/10.3.1/../../../../arm-none-eabi/lib/thumb/v7e-m+fp/hard\libc_nano.a
LOAD d:/software/stm32cubeide_1.10.1/stm32cubeide/plugins/com.st.stm32cube.ide.mcu.externaltools.gnu-tools-for-stm32.10.3-2021.10.win32_1.0.0.202111181127/tools/bin/../lib/gcc/arm-none-eabi/10.3.1/../../../../arm-none-eabi/lib/thumb/v7e-m+fp/hard\libnosys.a
END GROUP
START GROUP
LOAD d:/software/stm32cubeide_1.10.1/stm32cubeide/plugins/com.st.stm32cube.ide.mcu.externaltools.gnu-tools-for-stm32.10.3-2021.10.win32_1.0.0.202111181127/tools/bin/../lib/gcc/arm-none-eabi/10.3.1/thumb/v7e-m+fp/hard\libgcc.a
LOAD d:/software/stm32cubeide_1.10.1/stm32cubeide/plugins/com.st.stm32cube.ide.mcu.externaltools.gnu-tools-for-stm32.10.3-2021.10.win32_1.0.0.202111181127/tools/bin/../lib/gcc/arm-none-eabi/10.3.1/../../../../arm-none-eabi/lib/thumb/v7e-m+fp/hard\libc_nano.a
LOAD d:/software/stm32cubeide_1.10.1/stm32cubeide/plugins/com.st.stm32cube.ide.mcu.externaltools.gnu-tools-for-stm32.10.3-2021.10.win32_1.0.0.202111181127/tools/bin/../lib/gcc/arm-none-eabi/10.3.1/../../../../arm-none-eabi/lib/thumb/v7e-m+fp/hard\libnosys.a
END GROUP
LOAD d:/software/stm32cubeide_1.10.1/stm32cubeide/plugins/com.st.stm32cube.ide.mcu.externaltools.gnu-tools-for-stm32.10.3-2021.10.win32_1.0.0.202111181127/tools/bin/../lib/gcc/arm-none-eabi/10.3.1/thumb/v7e-m+fp/hard/crtend.o
LOAD d:/software/stm32cubeide_1.10.1/stm32cubeide/plugins/com.st.stm32cube.ide.mcu.externaltools.gnu-tools-for-stm32.10.3-2021.10.win32_1.0.0.202111181127/tools/bin/../lib/gcc/arm-none-eabi/10.3.1/thumb/v7e-m+fp/hard/crtn.o
                0x000000002001c000                _estack = (ORIGIN (RAM) + LENGTH (RAM))
                0x0000000000000800                _Min_Heap_Size = 0x800
                0x0000000000000800                _Min_Stack_Size = 0x800

.isr_vector     0x0000000008000000      0x188
                0x0000000008000000                . = ALIGN (0x4)
 *(.isr_vector)
 .isr_vector    0x0000000008000000      0x188 ./Core/Startup/startup_stm32f407vetx.o
                0x0000000008000000                g_pfnVectors
                0x0000000008000188                . = ALIGN (0x4)

.text           0x0000000008000190     0xd878
                0x0000000008000190                . = ALIGN (0x4)
 *(.text)
 .text          0x0000000008000190       0x40 d:/software/stm32cubeide_1.10.1/stm32cubeide/plugins/com.st.stm32cube.ide.mcu.externaltools.gnu-tools-for-stm32.10.3-2021.10.win32_1.0.0.202111181127/tools/bin/../lib/gcc/arm-none-eabi/10.3.1/thumb/v7e-m+fp/hard/crtbegin.o
 .text          0x00000000080001d0       0x10 d:/software/stm32cubeide_1.10.1/stm32cubeide/plugins/com.st.stm32cube.ide.mcu.externaltools.gnu-tools-for-stm32.10.3-2021.10.win32_1.0.0.202111181127/tools/bin/../lib/gcc/arm-none-eabi/10.3.1/../../../../arm-none-eabi/lib/thumb/v7e-m+fp/hard\libc_nano.a(lib_a-strlen.o)
                0x00000000080001d0                strlen
 .text          0x00000000080001e0       0xa0 d:/software/stm32cubeide_1.10.1/stm32cubeide/plugins/com.st.stm32cube.ide.mcu.externaltools.gnu-tools-for-stm32.10.3-2021.10.win32_1.0.0.202111181127/tools/bin/../lib/gcc/arm-none-eabi/10.3.1/../../../../arm-none-eabi/lib/thumb/v7e-m+fp/hard\libc_nano.a(lib_a-memchr.o)
                0x00000000080001e0                memchr
 .text          0x0000000008000280      0x378 d:/software/stm32cubeide_1.10.1/stm32cubeide/plugins/com.st.stm32cube.ide.mcu.externaltools.gnu-tools-for-stm32.10.3-2021.10.win32_1.0.0.202111181127/tools/bin/../lib/gcc/arm-none-eabi/10.3.1/thumb/v7e-m+fp/hard\libgcc.a(_arm_addsubdf3.o)
                0x0000000008000280                __aeabi_drsub
                0x0000000008000288                __aeabi_dsub
                0x0000000008000288                __subdf3
                0x000000000800028c                __aeabi_dadd
                0x000000000800028c                __adddf3
                0x0000000008000504                __floatunsidf
                0x0000000008000504                __aeabi_ui2d
                0x0000000008000524                __floatsidf
                0x0000000008000524                __aeabi_i2d
                0x0000000008000548                __aeabi_f2d
                0x0000000008000548                __extendsfdf2
                0x000000000800058c                __floatundidf
                0x000000000800058c                __aeabi_ul2d
                0x000000000800059c                __floatdidf
                0x000000000800059c                __aeabi_l2d
 .text          0x00000000080005f8      0x424 d:/software/stm32cubeide_1.10.1/stm32cubeide/plugins/com.st.stm32cube.ide.mcu.externaltools.gnu-tools-for-stm32.10.3-2021.10.win32_1.0.0.202111181127/tools/bin/../lib/gcc/arm-none-eabi/10.3.1/thumb/v7e-m+fp/hard\libgcc.a(_arm_muldivdf3.o)
                0x00000000080005f8                __aeabi_dmul
                0x00000000080005f8                __muldf3
                0x000000000800084c                __divdf3
                0x000000000800084c                __aeabi_ddiv
 .text          0x0000000008000a1c      0x110 d:/software/stm32cubeide_1.10.1/stm32cubeide/plugins/com.st.stm32cube.ide.mcu.externaltools.gnu-tools-for-stm32.10.3-2021.10.win32_1.0.0.202111181127/tools/bin/../lib/gcc/arm-none-eabi/10.3.1/thumb/v7e-m+fp/hard\libgcc.a(_arm_cmpdf2.o)
                0x0000000008000a1c                __gtdf2
                0x0000000008000a1c                __gedf2
                0x0000000008000a24                __ltdf2
                0x0000000008000a24                __ledf2
                0x0000000008000a2c                __nedf2
                0x0000000008000a2c                __eqdf2
                0x0000000008000a2c                __cmpdf2
                0x0000000008000aa8                __aeabi_cdrcmple
                0x0000000008000ab8                __aeabi_cdcmpeq
                0x0000000008000ab8                __aeabi_cdcmple
                0x0000000008000ac8                __aeabi_dcmpeq
                0x0000000008000adc                __aeabi_dcmplt
                0x0000000008000af0                __aeabi_dcmple
                0x0000000008000b04                __aeabi_dcmpge
                0x0000000008000b18                __aeabi_dcmpgt
 .text          0x0000000008000b2c       0x2c d:/software/stm32cubeide_1.10.1/stm32cubeide/plugins/com.st.stm32cube.ide.mcu.externaltools.gnu-tools-for-stm32.10.3-2021.10.win32_1.0.0.202111181127/tools/bin/../lib/gcc/arm-none-eabi/10.3.1/thumb/v7e-m+fp/hard\libgcc.a(_arm_unorddf2.o)
                0x0000000008000b2c                __unorddf2
                0x0000000008000b2c                __aeabi_dcmpun
 .text          0x0000000008000b58       0x50 d:/software/stm32cubeide_1.10.1/stm32cubeide/plugins/com.st.stm32cube.ide.mcu.externaltools.gnu-tools-for-stm32.10.3-2021.10.win32_1.0.0.202111181127/tools/bin/../lib/gcc/arm-none-eabi/10.3.1/thumb/v7e-m+fp/hard\libgcc.a(_arm_fixdfsi.o)
                0x0000000008000b58                __aeabi_d2iz
                0x0000000008000b58                __fixdfsi
 .text          0x0000000008000ba8       0x30 d:/software/stm32cubeide_1.10.1/stm32cubeide/plugins/com.st.stm32cube.ide.mcu.externaltools.gnu-tools-for-stm32.10.3-2021.10.win32_1.0.0.202111181127/tools/bin/../lib/gcc/arm-none-eabi/10.3.1/thumb/v7e-m+fp/hard\libgcc.a(_aeabi_uldivmod.o)
                0x0000000008000ba8                __aeabi_uldivmod
 .text          0x0000000008000bd8      0x2d0 d:/software/stm32cubeide_1.10.1/stm32cubeide/plugins/com.st.stm32cube.ide.mcu.externaltools.gnu-tools-for-stm32.10.3-2021.10.win32_1.0.0.202111181127/tools/bin/../lib/gcc/arm-none-eabi/10.3.1/thumb/v7e-m+fp/hard\libgcc.a(_udivmoddi4.o)
                0x0000000008000bd8                __udivmoddi4
 .text          0x0000000008000ea8        0x4 d:/software/stm32cubeide_1.10.1/stm32cubeide/plugins/com.st.stm32cube.ide.mcu.externaltools.gnu-tools-for-stm32.10.3-2021.10.win32_1.0.0.202111181127/tools/bin/../lib/gcc/arm-none-eabi/10.3.1/thumb/v7e-m+fp/hard\libgcc.a(_dvmd_tls.o)
                0x0000000008000ea8                __aeabi_idiv0
                0x0000000008000ea8                __aeabi_ldiv0
 *(.text*)
 .text.bufclr   0x0000000008000eac       0x3a ./Core/Src/EspDataLogger/espdatalogger.o
                0x0000000008000eac                bufclr
 *fill*         0x0000000008000ee6        0x2 
 .text.ESP_Init
                0x0000000008000ee8       0xf8 ./Core/Src/EspDataLogger/espdatalogger.o
                0x0000000008000ee8                ESP_Init
 .text.ESP_Send_Multi
                0x0000000008000fe0      0x1bc ./Core/Src/EspDataLogger/espdatalogger.o
                0x0000000008000fe0                ESP_Send_Multi
 .text.Ringbuf_init
                0x000000000800119c       0x50 ./Core/Src/EspDataLogger/uartringbuffer.o
                0x000000000800119c                Ringbuf_init
 .text.store_char
                0x00000000080011ec       0x3e ./Core/Src/EspDataLogger/uartringbuffer.o
                0x00000000080011ec                store_char
 *fill*         0x000000000800122a        0x2 
 .text.Uart_flush
                0x000000000800122c       0x20 ./Core/Src/EspDataLogger/uartringbuffer.o
                0x000000000800122c                Uart_flush
 .text.Uart_read
                0x000000000800124c       0x50 ./Core/Src/EspDataLogger/uartringbuffer.o
                0x000000000800124c                Uart_read
 .text.Uart_write
                0x000000000800129c       0x68 ./Core/Src/EspDataLogger/uartringbuffer.o
                0x000000000800129c                Uart_write
 .text.IsDataAvailable
                0x0000000008001304       0x30 ./Core/Src/EspDataLogger/uartringbuffer.o
                0x0000000008001304                IsDataAvailable
 .text.Uart_sendstring
                0x0000000008001334       0x2a ./Core/Src/EspDataLogger/uartringbuffer.o
                0x0000000008001334                Uart_sendstring
 *fill*         0x000000000800135e        0x2 
 .text.Uart_peek
                0x0000000008001360       0x34 ./Core/Src/EspDataLogger/uartringbuffer.o
                0x0000000008001360                Uart_peek
 .text.Wait_for
                0x0000000008001394       0xa8 ./Core/Src/EspDataLogger/uartringbuffer.o
                0x0000000008001394                Wait_for
 .text.Uart_isr
                0x000000000800143c       0xb4 ./Core/Src/EspDataLogger/uartringbuffer.o
                0x000000000800143c                Uart_isr
 .text.Max30102_WriteReg
                0x00000000080014f0       0x44 ./Core/Src/MAX30102/MAX30102.o
                0x00000000080014f0                Max30102_WriteReg
 .text.Max30102_ReadReg
                0x0000000008001534       0x40 ./Core/Src/MAX30102/MAX30102.o
                0x0000000008001534                Max30102_ReadReg
 .text.Max30102_WriteRegisterBit
                0x0000000008001574       0x7e ./Core/Src/MAX30102/MAX30102.o
                0x0000000008001574                Max30102_WriteRegisterBit
 *fill*         0x00000000080015f2        0x2 
 .text.Max30102_ReadFifo
                0x00000000080015f4       0xdc ./Core/Src/MAX30102/MAX30102.o
                0x00000000080015f4                Max30102_ReadFifo
 .text.Max30102_SetIntAlmostFullEnabled
                0x00000000080016d0       0x20 ./Core/Src/MAX30102/MAX30102.o
                0x00000000080016d0                Max30102_SetIntAlmostFullEnabled
 .text.Max30102_SetIntFifoDataReadyEnabled
                0x00000000080016f0       0x20 ./Core/Src/MAX30102/MAX30102.o
                0x00000000080016f0                Max30102_SetIntFifoDataReadyEnabled
 .text.Max30102_ReadInterruptStatus
                0x0000000008001710       0x48 ./Core/Src/MAX30102/MAX30102.o
                0x0000000008001710                Max30102_ReadInterruptStatus
 .text.Max30102_Callback
                0x0000000008001758      0x164 ./Core/Src/MAX30102/MAX30102.o
                0x0000000008001758                Max30102_Callback
 .text.Max30102_FifoWritePointer
                0x00000000080018bc       0x2e ./Core/Src/MAX30102/MAX30102.o
                0x00000000080018bc                Max30102_FifoWritePointer
 .text.Max30102_FifoOverflowCounter
                0x00000000080018ea       0x2e ./Core/Src/MAX30102/MAX30102.o
                0x00000000080018ea                Max30102_FifoOverflowCounter
 .text.Max30102_FifoReadPointer
                0x0000000008001918       0x2e ./Core/Src/MAX30102/MAX30102.o
                0x0000000008001918                Max30102_FifoReadPointer
 .text.Max30102_FifoSampleAveraging
                0x0000000008001946       0x5a ./Core/Src/MAX30102/MAX30102.o
                0x0000000008001946                Max30102_FifoSampleAveraging
 .text.Max30102_FifoRolloverEnable
                0x00000000080019a0       0x26 ./Core/Src/MAX30102/MAX30102.o
                0x00000000080019a0                Max30102_FifoRolloverEnable
 .text.Max30102_FifoAlmostFullValue
                0x00000000080019c6       0x7a ./Core/Src/MAX30102/MAX30102.o
                0x00000000080019c6                Max30102_FifoAlmostFullValue
 .text.Max30102_Reset
                0x0000000008001a40       0x44 ./Core/Src/MAX30102/MAX30102.o
                0x0000000008001a40                Max30102_Reset
 .text.Max30102_SetMode
                0x0000000008001a84       0x5e ./Core/Src/MAX30102/MAX30102.o
                0x0000000008001a84                Max30102_SetMode
 .text.Max30102_SpO2AdcRange
                0x0000000008001ae2       0x60 ./Core/Src/MAX30102/MAX30102.o
                0x0000000008001ae2                Max30102_SpO2AdcRange
 .text.Max30102_SpO2SampleRate
                0x0000000008001b42       0x60 ./Core/Src/MAX30102/MAX30102.o
                0x0000000008001b42                Max30102_SpO2SampleRate
 .text.Max30102_SpO2LedPulseWidth
                0x0000000008001ba2       0x5e ./Core/Src/MAX30102/MAX30102.o
                0x0000000008001ba2                Max30102_SpO2LedPulseWidth
 .text.Max30102_Led1PulseAmplitude
                0x0000000008001c00       0x28 ./Core/Src/MAX30102/MAX30102.o
                0x0000000008001c00                Max30102_Led1PulseAmplitude
 .text.Max30102_Led2PulseAmplitude
                0x0000000008001c28       0x28 ./Core/Src/MAX30102/MAX30102.o
                0x0000000008001c28                Max30102_Led2PulseAmplitude
 .text.Max30102_IsFingerOnSensor
                0x0000000008001c50       0x18 ./Core/Src/MAX30102/MAX30102.o
                0x0000000008001c50                Max30102_IsFingerOnSensor
 .text.Max30102_GetHeartRate
                0x0000000008001c68       0x18 ./Core/Src/MAX30102/MAX30102.o
                0x0000000008001c68                Max30102_GetHeartRate
 .text.Max30102_GetHeartRateValid
                0x0000000008001c80       0x18 ./Core/Src/MAX30102/MAX30102.o
                0x0000000008001c80                Max30102_GetHeartRateValid
 .text.Max30102_GetSpO2Value
                0x0000000008001c98       0x18 ./Core/Src/MAX30102/MAX30102.o
                0x0000000008001c98                Max30102_GetSpO2Value
 .text.Max30102_GetSpO2Valid
                0x0000000008001cb0       0x18 ./Core/Src/MAX30102/MAX30102.o
                0x0000000008001cb0                Max30102_GetSpO2Valid
 .text.Max30102_Task
                0x0000000008001cc8      0x194 ./Core/Src/MAX30102/MAX30102.o
                0x0000000008001cc8                Max30102_Task
 .text.Max30102_Init
                0x0000000008001e5c      0x12c ./Core/Src/MAX30102/MAX30102.o
                0x0000000008001e5c                Max30102_Init
 .text.maxim_heart_rate_and_oxygen_saturation
                0x0000000008001f88      0xa34 ./Core/Src/MAX30102/algorithm.o
                0x0000000008001f88                maxim_heart_rate_and_oxygen_saturation
 .text.maxim_find_peaks
                0x00000000080029bc       0x42 ./Core/Src/MAX30102/algorithm.o
                0x00000000080029bc                maxim_find_peaks
 .text.maxim_peaks_above_min_height
                0x00000000080029fe       0xe8 ./Core/Src/MAX30102/algorithm.o
                0x00000000080029fe                maxim_peaks_above_min_height
 .text.maxim_remove_close_peaks
                0x0000000008002ae6       0xc0 ./Core/Src/MAX30102/algorithm.o
                0x0000000008002ae6                maxim_remove_close_peaks
 .text.maxim_sort_ascend
                0x0000000008002ba6       0x86 ./Core/Src/MAX30102/algorithm.o
                0x0000000008002ba6                maxim_sort_ascend
 .text.maxim_sort_indices_descend
                0x0000000008002c2c       0x98 ./Core/Src/MAX30102/algorithm.o
                0x0000000008002c2c                maxim_sort_indices_descend
 .text.main     0x0000000008002cc4      0x334 ./Core/Src/main.o
                0x0000000008002cc4                main
 .text.SystemClock_Config
                0x0000000008002ff8       0xc0 ./Core/Src/main.o
                0x0000000008002ff8                SystemClock_Config
 .text.MX_CRC_Init
                0x00000000080030b8       0x28 ./Core/Src/main.o
 .text.MX_I2C1_Init
                0x00000000080030e0       0x5c ./Core/Src/main.o
 .text.MX_I2C2_Init
                0x000000000800313c       0x5c ./Core/Src/main.o
 .text.MX_RTC_Init
                0x0000000008003198       0xc8 ./Core/Src/main.o
 .text.MX_TIM1_Init
                0x0000000008003260       0xa0 ./Core/Src/main.o
 .text.MX_USART1_UART_Init
                0x0000000008003300       0x54 ./Core/Src/main.o
 .text.MX_USART2_UART_Init
                0x0000000008003354       0x54 ./Core/Src/main.o
 .text.MX_GPIO_Init
                0x00000000080033a8       0xc4 ./Core/Src/main.o
 .text.MPU6050_Init
                0x000000000800346c       0xac ./Core/Src/main.o
                0x000000000800346c                MPU6050_Init
 .text.MPU6050_Read_Accel
                0x0000000008003518      0x118 ./Core/Src/main.o
                0x0000000008003518                MPU6050_Read_Accel
 .text.MAX30102_PollingRoutine
                0x0000000008003630       0x98 ./Core/Src/main.o
                0x0000000008003630                MAX30102_PollingRoutine
 .text.AI_Init  0x00000000080036c8       0x78 ./Core/Src/main.o
 .text.AI_Run   0x0000000008003740       0x70 ./Core/Src/main.o
 .text.argmax   0x00000000080037b0       0x60 ./Core/Src/main.o
 .text.HAL_GPIO_EXTI_Callback
                0x0000000008003810       0x3c ./Core/Src/main.o
                0x0000000008003810                HAL_GPIO_EXTI_Callback
 .text.HAL_TIM_PeriodElapsedCallback
                0x000000000800384c       0x30 ./Core/Src/main.o
                0x000000000800384c                HAL_TIM_PeriodElapsedCallback
 .text.Error_Handler
                0x000000000800387c        0xa ./Core/Src/main.o
                0x000000000800387c                Error_Handler
 *fill*         0x0000000008003886        0x2 
 .text.HAL_MspInit
                0x0000000008003888       0x50 ./Core/Src/stm32f4xx_hal_msp.o
                0x0000000008003888                HAL_MspInit
 .text.HAL_CRC_MspInit
                0x00000000080038d8       0x44 ./Core/Src/stm32f4xx_hal_msp.o
                0x00000000080038d8                HAL_CRC_MspInit
 .text.HAL_I2C_MspInit
                0x000000000800391c       0xfc ./Core/Src/stm32f4xx_hal_msp.o
                0x000000000800391c                HAL_I2C_MspInit
 .text.HAL_RTC_MspInit
                0x0000000008003a18       0x64 ./Core/Src/stm32f4xx_hal_msp.o
                0x0000000008003a18                HAL_RTC_MspInit
 .text.HAL_TIM_Base_MspInit
                0x0000000008003a7c       0x80 ./Core/Src/stm32f4xx_hal_msp.o
                0x0000000008003a7c                HAL_TIM_Base_MspInit
 .text.HAL_UART_MspInit
                0x0000000008003afc      0x10c ./Core/Src/stm32f4xx_hal_msp.o
                0x0000000008003afc                HAL_UART_MspInit
 .text.NMI_Handler
                0x0000000008003c08        0x6 ./Core/Src/stm32f4xx_it.o
                0x0000000008003c08                NMI_Handler
 .text.HardFault_Handler
                0x0000000008003c0e        0x6 ./Core/Src/stm32f4xx_it.o
                0x0000000008003c0e                HardFault_Handler
 .text.MemManage_Handler
                0x0000000008003c14        0x6 ./Core/Src/stm32f4xx_it.o
                0x0000000008003c14                MemManage_Handler
 .text.BusFault_Handler
                0x0000000008003c1a        0x6 ./Core/Src/stm32f4xx_it.o
                0x0000000008003c1a                BusFault_Handler
 .text.UsageFault_Handler
                0x0000000008003c20        0x6 ./Core/Src/stm32f4xx_it.o
                0x0000000008003c20                UsageFault_Handler
 .text.SVC_Handler
                0x0000000008003c26        0xe ./Core/Src/stm32f4xx_it.o
                0x0000000008003c26                SVC_Handler
 .text.DebugMon_Handler
                0x0000000008003c34        0xe ./Core/Src/stm32f4xx_it.o
                0x0000000008003c34                DebugMon_Handler
 .text.PendSV_Handler
                0x0000000008003c42        0xe ./Core/Src/stm32f4xx_it.o
                0x0000000008003c42                PendSV_Handler
 .text.SysTick_Handler
                0x0000000008003c50        0xc ./Core/Src/stm32f4xx_it.o
                0x0000000008003c50                SysTick_Handler
 .text.RTC_WKUP_IRQHandler
                0x0000000008003c5c       0x14 ./Core/Src/stm32f4xx_it.o
                0x0000000008003c5c                RTC_WKUP_IRQHandler
 .text.TIM1_BRK_TIM9_IRQHandler
                0x0000000008003c70       0x14 ./Core/Src/stm32f4xx_it.o
                0x0000000008003c70                TIM1_BRK_TIM9_IRQHandler
 .text.TIM1_UP_TIM10_IRQHandler
                0x0000000008003c84       0x14 ./Core/Src/stm32f4xx_it.o
                0x0000000008003c84                TIM1_UP_TIM10_IRQHandler
 .text.TIM1_TRG_COM_TIM11_IRQHandler
                0x0000000008003c98       0x14 ./Core/Src/stm32f4xx_it.o
                0x0000000008003c98                TIM1_TRG_COM_TIM11_IRQHandler
 .text.TIM1_CC_IRQHandler
                0x0000000008003cac       0x14 ./Core/Src/stm32f4xx_it.o
                0x0000000008003cac                TIM1_CC_IRQHandler
 .text.USART2_IRQHandler
                0x0000000008003cc0       0x14 ./Core/Src/stm32f4xx_it.o
                0x0000000008003cc0                USART2_IRQHandler
 .text.EXTI15_10_IRQHandler
                0x0000000008003cd4       0x10 ./Core/Src/stm32f4xx_it.o
                0x0000000008003cd4                EXTI15_10_IRQHandler
 .text._sbrk    0x0000000008003ce4       0x6c ./Core/Src/sysmem.o
                0x0000000008003ce4                _sbrk
 .text.SystemInit
                0x0000000008003d50       0x24 ./Core/Src/system_stm32f4xx.o
                0x0000000008003d50                SystemInit
 .text.Reset_Handler
                0x0000000008003d74       0x50 ./Core/Startup/startup_stm32f407vetx.o
                0x0000000008003d74                Reset_Handler
 .text.Default_Handler
                0x0000000008003dc4        0x2 ./Core/Startup/startup_stm32f407vetx.o
                0x0000000008003dc4                RTC_Alarm_IRQHandler
                0x0000000008003dc4                HASH_RNG_IRQHandler
                0x0000000008003dc4                EXTI2_IRQHandler
                0x0000000008003dc4                TIM8_CC_IRQHandler
                0x0000000008003dc4                DMA2_Stream5_IRQHandler
                0x0000000008003dc4                DMA1_Stream5_IRQHandler
                0x0000000008003dc4                PVD_IRQHandler
                0x0000000008003dc4                SDIO_IRQHandler
                0x0000000008003dc4                TAMP_STAMP_IRQHandler
                0x0000000008003dc4                CAN2_RX1_IRQHandler
                0x0000000008003dc4                EXTI3_IRQHandler
                0x0000000008003dc4                TIM8_TRG_COM_TIM14_IRQHandler
                0x0000000008003dc4                TIM8_UP_TIM13_IRQHandler
                0x0000000008003dc4                I2C3_ER_IRQHandler
                0x0000000008003dc4                EXTI0_IRQHandler
                0x0000000008003dc4                I2C2_EV_IRQHandler
                0x0000000008003dc4                DMA1_Stream2_IRQHandler
                0x0000000008003dc4                CAN1_RX0_IRQHandler
                0x0000000008003dc4                FPU_IRQHandler
                0x0000000008003dc4                OTG_HS_WKUP_IRQHandler
                0x0000000008003dc4                CAN2_SCE_IRQHandler
                0x0000000008003dc4                DMA2_Stream2_IRQHandler
                0x0000000008003dc4                SPI1_IRQHandler
                0x0000000008003dc4                TIM6_DAC_IRQHandler
                0x0000000008003dc4                DCMI_IRQHandler
                0x0000000008003dc4                CAN2_RX0_IRQHandler
                0x0000000008003dc4                DMA2_Stream3_IRQHandler
                0x0000000008003dc4                USART6_IRQHandler
                0x0000000008003dc4                USART3_IRQHandler
                0x0000000008003dc4                CAN1_RX1_IRQHandler
                0x0000000008003dc4                UART5_IRQHandler
                0x0000000008003dc4                DMA2_Stream0_IRQHandler
                0x0000000008003dc4                TIM4_IRQHandler
                0x0000000008003dc4                I2C1_EV_IRQHandler
                0x0000000008003dc4                DMA1_Stream6_IRQHandler
                0x0000000008003dc4                DMA1_Stream1_IRQHandler
                0x0000000008003dc4                UART4_IRQHandler
                0x0000000008003dc4                TIM3_IRQHandler
                0x0000000008003dc4                RCC_IRQHandler
                0x0000000008003dc4                TIM8_BRK_TIM12_IRQHandler
                0x0000000008003dc4                Default_Handler
                0x0000000008003dc4                ADC_IRQHandler
                0x0000000008003dc4                DMA1_Stream7_IRQHandler
                0x0000000008003dc4                TIM7_IRQHandler
                0x0000000008003dc4                CAN2_TX_IRQHandler
                0x0000000008003dc4                TIM5_IRQHandler
                0x0000000008003dc4                DMA2_Stream7_IRQHandler
                0x0000000008003dc4                I2C3_EV_IRQHandler
                0x0000000008003dc4                EXTI9_5_IRQHandler
                0x0000000008003dc4                ETH_WKUP_IRQHandler
                0x0000000008003dc4                SPI2_IRQHandler
                0x0000000008003dc4                OTG_HS_EP1_IN_IRQHandler
                0x0000000008003dc4                DMA1_Stream0_IRQHandler
                0x0000000008003dc4                CAN1_TX_IRQHandler
                0x0000000008003dc4                EXTI4_IRQHandler
                0x0000000008003dc4                FSMC_IRQHandler
                0x0000000008003dc4                ETH_IRQHandler
                0x0000000008003dc4                OTG_HS_EP1_OUT_IRQHandler
                0x0000000008003dc4                WWDG_IRQHandler
                0x0000000008003dc4                TIM2_IRQHandler
                0x0000000008003dc4                OTG_FS_WKUP_IRQHandler
                0x0000000008003dc4                OTG_HS_IRQHandler
                0x0000000008003dc4                EXTI1_IRQHandler
                0x0000000008003dc4                I2C2_ER_IRQHandler
                0x0000000008003dc4                DMA2_Stream1_IRQHandler
                0x0000000008003dc4                CAN1_SCE_IRQHandler
                0x0000000008003dc4                FLASH_IRQHandler
                0x0000000008003dc4                DMA2_Stream4_IRQHandler
                0x0000000008003dc4                USART1_IRQHandler
                0x0000000008003dc4                OTG_FS_IRQHandler
                0x0000000008003dc4                SPI3_IRQHandler
                0x0000000008003dc4                DMA1_Stream4_IRQHandler
                0x0000000008003dc4                I2C1_ER_IRQHandler
                0x0000000008003dc4                DMA2_Stream6_IRQHandler
                0x0000000008003dc4                DMA1_Stream3_IRQHandler
 *fill*         0x0000000008003dc6        0x2 
 .text.HAL_Init
                0x0000000008003dc8       0x44 ./Drivers/STM32F4xx_HAL_Driver/Src/stm32f4xx_hal.o
                0x0000000008003dc8                HAL_Init
 .text.HAL_InitTick
                0x0000000008003e0c       0x60 ./Drivers/STM32F4xx_HAL_Driver/Src/stm32f4xx_hal.o
                0x0000000008003e0c                HAL_InitTick
 .text.HAL_IncTick
                0x0000000008003e6c       0x28 ./Drivers/STM32F4xx_HAL_Driver/Src/stm32f4xx_hal.o
                0x0000000008003e6c                HAL_IncTick
 .text.HAL_GetTick
                0x0000000008003e94       0x18 ./Drivers/STM32F4xx_HAL_Driver/Src/stm32f4xx_hal.o
                0x0000000008003e94                HAL_GetTick
 .text.HAL_Delay
                0x0000000008003eac       0x48 ./Drivers/STM32F4xx_HAL_Driver/Src/stm32f4xx_hal.o
                0x0000000008003eac                HAL_Delay
 .text.HAL_SuspendTick
                0x0000000008003ef4       0x20 ./Drivers/STM32F4xx_HAL_Driver/Src/stm32f4xx_hal.o
                0x0000000008003ef4                HAL_SuspendTick
 .text.HAL_ResumeTick
                0x0000000008003f14       0x20 ./Drivers/STM32F4xx_HAL_Driver/Src/stm32f4xx_hal.o
                0x0000000008003f14                HAL_ResumeTick
 .text.__NVIC_SetPriorityGrouping
                0x0000000008003f34       0x48 ./Drivers/STM32F4xx_HAL_Driver/Src/stm32f4xx_hal_cortex.o
 .text.__NVIC_GetPriorityGrouping
                0x0000000008003f7c       0x1c ./Drivers/STM32F4xx_HAL_Driver/Src/stm32f4xx_hal_cortex.o
 .text.__NVIC_EnableIRQ
                0x0000000008003f98       0x3c ./Drivers/STM32F4xx_HAL_Driver/Src/stm32f4xx_hal_cortex.o
 .text.__NVIC_SetPriority
                0x0000000008003fd4       0x54 ./Drivers/STM32F4xx_HAL_Driver/Src/stm32f4xx_hal_cortex.o
 .text.NVIC_EncodePriority
                0x0000000008004028       0x66 ./Drivers/STM32F4xx_HAL_Driver/Src/stm32f4xx_hal_cortex.o
 *fill*         0x000000000800408e        0x2 
 .text.SysTick_Config
                0x0000000008004090       0x44 ./Drivers/STM32F4xx_HAL_Driver/Src/stm32f4xx_hal_cortex.o
 .text.HAL_NVIC_SetPriorityGrouping
                0x00000000080040d4       0x16 ./Drivers/STM32F4xx_HAL_Driver/Src/stm32f4xx_hal_cortex.o
                0x00000000080040d4                HAL_NVIC_SetPriorityGrouping
 .text.HAL_NVIC_SetPriority
                0x00000000080040ea       0x38 ./Drivers/STM32F4xx_HAL_Driver/Src/stm32f4xx_hal_cortex.o
                0x00000000080040ea                HAL_NVIC_SetPriority
 .text.HAL_NVIC_EnableIRQ
                0x0000000008004122       0x1c ./Drivers/STM32F4xx_HAL_Driver/Src/stm32f4xx_hal_cortex.o
                0x0000000008004122                HAL_NVIC_EnableIRQ
 .text.HAL_SYSTICK_Config
                0x000000000800413e       0x18 ./Drivers/STM32F4xx_HAL_Driver/Src/stm32f4xx_hal_cortex.o
                0x000000000800413e                HAL_SYSTICK_Config
 .text.HAL_CRC_Init
                0x0000000008004156       0x38 ./Drivers/STM32F4xx_HAL_Driver/Src/stm32f4xx_hal_crc.o
                0x0000000008004156                HAL_CRC_Init
 *fill*         0x000000000800418e        0x2 
 .text.HAL_GPIO_Init
                0x0000000008004190      0x338 ./Drivers/STM32F4xx_HAL_Driver/Src/stm32f4xx_hal_gpio.o
                0x0000000008004190                HAL_GPIO_Init
 .text.HAL_GPIO_ReadPin
                0x00000000080044c8       0x30 ./Drivers/STM32F4xx_HAL_Driver/Src/stm32f4xx_hal_gpio.o
                0x00000000080044c8                HAL_GPIO_ReadPin
 .text.HAL_GPIO_EXTI_IRQHandler
                0x00000000080044f8       0x30 ./Drivers/STM32F4xx_HAL_Driver/Src/stm32f4xx_hal_gpio.o
                0x00000000080044f8                HAL_GPIO_EXTI_IRQHandler
 .text.HAL_I2C_Init
                0x0000000008004528      0x288 ./Drivers/STM32F4xx_HAL_Driver/Src/stm32f4xx_hal_i2c.o
                0x0000000008004528                HAL_I2C_Init
 .text.HAL_I2C_Mem_Write
                0x00000000080047b0      0x1f4 ./Drivers/STM32F4xx_HAL_Driver/Src/stm32f4xx_hal_i2c.o
                0x00000000080047b0                HAL_I2C_Mem_Write
 .text.HAL_I2C_Mem_Read
                0x00000000080049a4      0x44c ./Drivers/STM32F4xx_HAL_Driver/Src/stm32f4xx_hal_i2c.o
                0x00000000080049a4                HAL_I2C_Mem_Read
 .text.I2C_RequestMemoryWrite
                0x0000000008004df0      0x12c ./Drivers/STM32F4xx_HAL_Driver/Src/stm32f4xx_hal_i2c.o
 .text.I2C_RequestMemoryRead
                0x0000000008004f1c      0x1d0 ./Drivers/STM32F4xx_HAL_Driver/Src/stm32f4xx_hal_i2c.o
 .text.I2C_WaitOnFlagUntilTimeout
                0x00000000080050ec       0xae ./Drivers/STM32F4xx_HAL_Driver/Src/stm32f4xx_hal_i2c.o
 .text.I2C_WaitOnMasterAddressFlagUntilTimeout
                0x000000000800519a       0xfe ./Drivers/STM32F4xx_HAL_Driver/Src/stm32f4xx_hal_i2c.o
 .text.I2C_WaitOnTXEFlagUntilTimeout
                0x0000000008005298       0x82 ./Drivers/STM32F4xx_HAL_Driver/Src/stm32f4xx_hal_i2c.o
 .text.I2C_WaitOnBTFFlagUntilTimeout
                0x000000000800531a       0x82 ./Drivers/STM32F4xx_HAL_Driver/Src/stm32f4xx_hal_i2c.o
 .text.I2C_WaitOnRXNEFlagUntilTimeout
                0x000000000800539c       0xac ./Drivers/STM32F4xx_HAL_Driver/Src/stm32f4xx_hal_i2c.o
 .text.I2C_IsAcknowledgeFailed
                0x0000000008005448       0x5e ./Drivers/STM32F4xx_HAL_Driver/Src/stm32f4xx_hal_i2c.o
 *fill*         0x00000000080054a6        0x2 
 .text.HAL_PWR_EnterSTOPMode
                0x00000000080054a8       0x58 ./Drivers/STM32F4xx_HAL_Driver/Src/stm32f4xx_hal_pwr.o
                0x00000000080054a8                HAL_PWR_EnterSTOPMode
 .text.HAL_PWREx_EnableFlashPowerDown
                0x0000000008005500       0x18 ./Drivers/STM32F4xx_HAL_Driver/Src/stm32f4xx_hal_pwr_ex.o
                0x0000000008005500                HAL_PWREx_EnableFlashPowerDown
 .text.HAL_PWREx_DisableFlashPowerDown
                0x0000000008005518       0x18 ./Drivers/STM32F4xx_HAL_Driver/Src/stm32f4xx_hal_pwr_ex.o
                0x0000000008005518                HAL_PWREx_DisableFlashPowerDown
 .text.HAL_RCC_OscConfig
                0x0000000008005530      0x4f0 ./Drivers/STM32F4xx_HAL_Driver/Src/stm32f4xx_hal_rcc.o
                0x0000000008005530                HAL_RCC_OscConfig
 .text.HAL_RCC_ClockConfig
                0x0000000008005a20      0x1cc ./Drivers/STM32F4xx_HAL_Driver/Src/stm32f4xx_hal_rcc.o
                0x0000000008005a20                HAL_RCC_ClockConfig
 .text.HAL_RCC_GetSysClockFreq
                0x0000000008005bec      0x18c ./Drivers/STM32F4xx_HAL_Driver/Src/stm32f4xx_hal_rcc.o
                0x0000000008005bec                HAL_RCC_GetSysClockFreq
 .text.HAL_RCC_GetHCLKFreq
                0x0000000008005d78       0x18 ./Drivers/STM32F4xx_HAL_Driver/Src/stm32f4xx_hal_rcc.o
                0x0000000008005d78                HAL_RCC_GetHCLKFreq
 .text.HAL_RCC_GetPCLK1Freq
                0x0000000008005d90       0x28 ./Drivers/STM32F4xx_HAL_Driver/Src/stm32f4xx_hal_rcc.o
                0x0000000008005d90                HAL_RCC_GetPCLK1Freq
 .text.HAL_RCC_GetPCLK2Freq
                0x0000000008005db8       0x28 ./Drivers/STM32F4xx_HAL_Driver/Src/stm32f4xx_hal_rcc.o
                0x0000000008005db8                HAL_RCC_GetPCLK2Freq
 .text.HAL_RCCEx_PeriphCLKConfig
                0x0000000008005de0      0x1c4 ./Drivers/STM32F4xx_HAL_Driver/Src/stm32f4xx_hal_rcc_ex.o
                0x0000000008005de0                HAL_RCCEx_PeriphCLKConfig
 .text.HAL_RTC_Init
                0x0000000008005fa4       0xec ./Drivers/STM32F4xx_HAL_Driver/Src/stm32f4xx_hal_rtc.o
                0x0000000008005fa4                HAL_RTC_Init
 .text.HAL_RTC_SetTime
                0x0000000008006090      0x134 ./Drivers/STM32F4xx_HAL_Driver/Src/stm32f4xx_hal_rtc.o
                0x0000000008006090                HAL_RTC_SetTime
 .text.HAL_RTC_SetDate
                0x00000000080061c4      0x108 ./Drivers/STM32F4xx_HAL_Driver/Src/stm32f4xx_hal_rtc.o
                0x00000000080061c4                HAL_RTC_SetDate
 .text.HAL_RTC_WaitForSynchro
                0x00000000080062cc       0x50 ./Drivers/STM32F4xx_HAL_Driver/Src/stm32f4xx_hal_rtc.o
                0x00000000080062cc                HAL_RTC_WaitForSynchro
 .text.RTC_EnterInitMode
                0x000000000800631c       0x6e ./Drivers/STM32F4xx_HAL_Driver/Src/stm32f4xx_hal_rtc.o
                0x000000000800631c                RTC_EnterInitMode
 .text.RTC_ExitInitMode
                0x000000000800638a       0x4a ./Drivers/STM32F4xx_HAL_Driver/Src/stm32f4xx_hal_rtc.o
                0x000000000800638a                RTC_ExitInitMode
 .text.RTC_ByteToBcd2
                0x00000000080063d4       0x3a ./Drivers/STM32F4xx_HAL_Driver/Src/stm32f4xx_hal_rtc.o
                0x00000000080063d4                RTC_ByteToBcd2
 *fill*         0x000000000800640e        0x2 
 .text.HAL_RTCEx_SetWakeUpTimer_IT
                0x0000000008006410      0x180 ./Drivers/STM32F4xx_HAL_Driver/Src/stm32f4xx_hal_rtc_ex.o
                0x0000000008006410                HAL_RTCEx_SetWakeUpTimer_IT
 .text.HAL_RTCEx_DeactivateWakeUpTimer
                0x0000000008006590       0xb0 ./Drivers/STM32F4xx_HAL_Driver/Src/stm32f4xx_hal_rtc_ex.o
                0x0000000008006590                HAL_RTCEx_DeactivateWakeUpTimer
 .text.HAL_RTCEx_WakeUpTimerIRQHandler
                0x0000000008006640       0x48 ./Drivers/STM32F4xx_HAL_Driver/Src/stm32f4xx_hal_rtc_ex.o
                0x0000000008006640                HAL_RTCEx_WakeUpTimerIRQHandler
 .text.HAL_RTCEx_WakeUpTimerEventCallback
                0x0000000008006688       0x14 ./Drivers/STM32F4xx_HAL_Driver/Src/stm32f4xx_hal_rtc_ex.o
                0x0000000008006688                HAL_RTCEx_WakeUpTimerEventCallback
 .text.HAL_TIM_Base_Init
                0x000000000800669c       0x9e ./Drivers/STM32F4xx_HAL_Driver/Src/stm32f4xx_hal_tim.o
                0x000000000800669c                HAL_TIM_Base_Init
 *fill*         0x000000000800673a        0x2 
 .text.HAL_TIM_Base_Start_IT
                0x000000000800673c       0xe0 ./Drivers/STM32F4xx_HAL_Driver/Src/stm32f4xx_hal_tim.o
                0x000000000800673c                HAL_TIM_Base_Start_IT
 .text.HAL_TIM_Base_Stop_IT
                0x000000000800681c       0x5e ./Drivers/STM32F4xx_HAL_Driver/Src/stm32f4xx_hal_tim.o
                0x000000000800681c                HAL_TIM_Base_Stop_IT
 .text.HAL_TIM_IRQHandler
                0x000000000800687a      0x210 ./Drivers/STM32F4xx_HAL_Driver/Src/stm32f4xx_hal_tim.o
                0x000000000800687a                HAL_TIM_IRQHandler
 .text.HAL_TIM_ConfigClockSource
                0x0000000008006a8a      0x18e ./Drivers/STM32F4xx_HAL_Driver/Src/stm32f4xx_hal_tim.o
                0x0000000008006a8a                HAL_TIM_ConfigClockSource
 .text.HAL_TIM_OC_DelayElapsedCallback
                0x0000000008006c18       0x14 ./Drivers/STM32F4xx_HAL_Driver/Src/stm32f4xx_hal_tim.o
                0x0000000008006c18                HAL_TIM_OC_DelayElapsedCallback
 .text.HAL_TIM_IC_CaptureCallback
                0x0000000008006c2c       0x14 ./Drivers/STM32F4xx_HAL_Driver/Src/stm32f4xx_hal_tim.o
                0x0000000008006c2c                HAL_TIM_IC_CaptureCallback
 .text.HAL_TIM_PWM_PulseFinishedCallback
                0x0000000008006c40       0x14 ./Drivers/STM32F4xx_HAL_Driver/Src/stm32f4xx_hal_tim.o
                0x0000000008006c40                HAL_TIM_PWM_PulseFinishedCallback
 .text.HAL_TIM_TriggerCallback
                0x0000000008006c54       0x14 ./Drivers/STM32F4xx_HAL_Driver/Src/stm32f4xx_hal_tim.o
                0x0000000008006c54                HAL_TIM_TriggerCallback
 .text.TIM_Base_SetConfig
                0x0000000008006c68      0x140 ./Drivers/STM32F4xx_HAL_Driver/Src/stm32f4xx_hal_tim.o
                0x0000000008006c68                TIM_Base_SetConfig
 .text.TIM_TI1_ConfigInputStage
                0x0000000008006da8       0x5e ./Drivers/STM32F4xx_HAL_Driver/Src/stm32f4xx_hal_tim.o
 .text.TIM_TI2_ConfigInputStage
                0x0000000008006e06       0x60 ./Drivers/STM32F4xx_HAL_Driver/Src/stm32f4xx_hal_tim.o
 .text.TIM_ITRx_SetConfig
                0x0000000008006e66       0x36 ./Drivers/STM32F4xx_HAL_Driver/Src/stm32f4xx_hal_tim.o
 .text.TIM_ETR_SetConfig
                0x0000000008006e9c       0x40 ./Drivers/STM32F4xx_HAL_Driver/Src/stm32f4xx_hal_tim.o
                0x0000000008006e9c                TIM_ETR_SetConfig
 .text.HAL_TIMEx_MasterConfigSynchronization
                0x0000000008006edc       0xf8 ./Drivers/STM32F4xx_HAL_Driver/Src/stm32f4xx_hal_tim_ex.o
                0x0000000008006edc                HAL_TIMEx_MasterConfigSynchronization
 .text.HAL_TIMEx_CommutCallback
                0x0000000008006fd4       0x14 ./Drivers/STM32F4xx_HAL_Driver/Src/stm32f4xx_hal_tim_ex.o
                0x0000000008006fd4                HAL_TIMEx_CommutCallback
 .text.HAL_TIMEx_BreakCallback
                0x0000000008006fe8       0x14 ./Drivers/STM32F4xx_HAL_Driver/Src/stm32f4xx_hal_tim_ex.o
                0x0000000008006fe8                HAL_TIMEx_BreakCallback
 .text.HAL_UART_Init
                0x0000000008006ffc       0x9a ./Drivers/STM32F4xx_HAL_Driver/Src/stm32f4xx_hal_uart.o
                0x0000000008006ffc                HAL_UART_Init
 .text.HAL_UART_Transmit
                0x0000000008007096      0x124 ./Drivers/STM32F4xx_HAL_Driver/Src/stm32f4xx_hal_uart.o
                0x0000000008007096                HAL_UART_Transmit
 .text.UART_WaitOnFlagUntilTimeout
                0x00000000080071ba       0xdc ./Drivers/STM32F4xx_HAL_Driver/Src/stm32f4xx_hal_uart.o
 *fill*         0x0000000008007296        0x2 
 .text.UART_SetConfig
                0x0000000008007298      0x4e8 ./Drivers/STM32F4xx_HAL_Driver/Src/stm32f4xx_hal_uart.o
 .text.network_configure_activations
                0x0000000008007780       0xe0 ./X-CUBE-AI/App/network.o
 .text.network_configure_weights
                0x0000000008007860      0x174 ./X-CUBE-AI/App/network.o
 .text.ai_network_get_error
                0x00000000080079d4       0x18 ./X-CUBE-AI/App/network.o
                0x00000000080079d4                ai_network_get_error
 .text.ai_network_create
                0x00000000080079ec       0x2c ./X-CUBE-AI/App/network.o
                0x00000000080079ec                ai_network_create
 .text.ai_network_create_and_init
                0x0000000008007a18       0xe8 ./X-CUBE-AI/App/network.o
                0x0000000008007a18                ai_network_create_and_init
 .text.ai_network_inputs_get
                0x0000000008007b00       0x34 ./X-CUBE-AI/App/network.o
                0x0000000008007b00                ai_network_inputs_get
 .text.ai_network_outputs_get
                0x0000000008007b34       0x34 ./X-CUBE-AI/App/network.o
                0x0000000008007b34                ai_network_outputs_get
 .text.ai_network_init
                0x0000000008007b68       0x78 ./X-CUBE-AI/App/network.o
                0x0000000008007b68                ai_network_init
 .text.ai_network_run
                0x0000000008007be0       0x20 ./X-CUBE-AI/App/network.o
                0x0000000008007be0                ai_network_run
 .text.ai_network_data_params_get
                0x0000000008007c00       0x50 ./X-CUBE-AI/App/network_data.o
                0x0000000008007c00                ai_network_data_params_get
 .text.ai_buffer_get_size
                0x0000000008007c50       0x68 ../Middlewares/ST/AI/Lib\NetworkRuntime730_CM4_GCC.a(ai_platform.o)
                0x0000000008007c50                ai_buffer_get_size
 .text.ai_buffer_array_sane
                0x0000000008007cb8       0x14 ../Middlewares/ST/AI/Lib\NetworkRuntime730_CM4_GCC.a(ai_platform.o)
                0x0000000008007cb8                ai_buffer_array_sane
 .text.ai_buffer_array_item_set_address
                0x0000000008007ccc       0x20 ../Middlewares/ST/AI/Lib\NetworkRuntime730_CM4_GCC.a(ai_platform.o)
                0x0000000008007ccc                ai_buffer_array_item_set_address
 .text._ai_platform_acquire_crc
                0x0000000008007cec        0x4 ../Middlewares/ST/AI/Lib\NetworkRuntime730_CM4_GCC.a(ai_platform_interface.o)
                0x0000000008007cec                _ai_platform_acquire_crc
 .text._ai_platform_release_crc
                0x0000000008007cf0        0x4 ../Middlewares/ST/AI/Lib\NetworkRuntime730_CM4_GCC.a(ai_platform_interface.o)
                0x0000000008007cf0                _ai_platform_release_crc
 .text.ai_platform_get_weights_map
                0x0000000008007cf4       0xa8 ../Middlewares/ST/AI/Lib\NetworkRuntime730_CM4_GCC.a(ai_platform_interface.o)
                0x0000000008007cf4                ai_platform_get_weights_map
 .text.ai_platform_get_activations_map
                0x0000000008007d9c       0xa8 ../Middlewares/ST/AI/Lib\NetworkRuntime730_CM4_GCC.a(ai_platform_interface.o)
                0x0000000008007d9c                ai_platform_get_activations_map
 .text.ai_platform_bind_network_params
                0x0000000008007e44       0x44 ../Middlewares/ST/AI/Lib\NetworkRuntime730_CM4_GCC.a(ai_platform_interface.o)
                0x0000000008007e44                ai_platform_bind_network_params
 .text.ai_platform_network_get_error
                0x0000000008007e88       0xdc ../Middlewares/ST/AI/Lib\NetworkRuntime730_CM4_GCC.a(ai_platform_interface.o)
                0x0000000008007e88                ai_platform_network_get_error
 .text.ai_platform_network_set_error
                0x0000000008007f64        0xc ../Middlewares/ST/AI/Lib\NetworkRuntime730_CM4_GCC.a(ai_platform_interface.o)
                0x0000000008007f64                ai_platform_network_set_error
 .text.ai_platform_inputs_get
                0x0000000008007f70      0x1ac ../Middlewares/ST/AI/Lib\NetworkRuntime730_CM4_GCC.a(ai_platform_interface.o)
                0x0000000008007f70                ai_platform_inputs_get
 .text.ai_platform_outputs_get
                0x000000000800811c      0x1a0 ../Middlewares/ST/AI/Lib\NetworkRuntime730_CM4_GCC.a(ai_platform_interface.o)
                0x000000000800811c                ai_platform_outputs_get
 .text.ai_platform_network_create
                0x00000000080082bc      0x1ac ../Middlewares/ST/AI/Lib\NetworkRuntime730_CM4_GCC.a(ai_platform_interface.o)
                0x00000000080082bc                ai_platform_network_create
 .text.ai_platform_network_init
                0x0000000008008468      0x1dc ../Middlewares/ST/AI/Lib\NetworkRuntime730_CM4_GCC.a(ai_platform_interface.o)
                0x0000000008008468                ai_platform_network_init
 .text.ai_platform_network_post_init
                0x0000000008008644      0x110 ../Middlewares/ST/AI/Lib\NetworkRuntime730_CM4_GCC.a(ai_platform_interface.o)
                0x0000000008008644                ai_platform_network_post_init
 .text.ai_platform_network_process
                0x0000000008008754      0x50c ../Middlewares/ST/AI/Lib\NetworkRuntime730_CM4_GCC.a(ai_platform_interface.o)
                0x0000000008008754                ai_platform_network_process
 .text.core_init
                0x0000000008008c60        0x4 ../Middlewares/ST/AI/Lib\NetworkRuntime730_CM4_GCC.a(core_common.o)
                0x0000000008008c60                core_init
 .text.core_get_error
                0x0000000008008c64        0xc ../Middlewares/ST/AI/Lib\NetworkRuntime730_CM4_GCC.a(core_common.o)
                0x0000000008008c64                core_get_error
 .text.core_set_error
                0x0000000008008c70       0x18 ../Middlewares/ST/AI/Lib\NetworkRuntime730_CM4_GCC.a(core_common.o)
                0x0000000008008c70                core_set_error
 .text.func_dummy
                0x0000000008008c88        0x4 ../Middlewares/ST/AI/Lib\NetworkRuntime730_CM4_GCC.a(layers_conv2d_generic_float.o)
 .text.ai_conv2d_stripe_f32.constprop.0
                0x0000000008008c8c      0xa70 ../Middlewares/ST/AI/Lib\NetworkRuntime730_CM4_GCC.a(layers_conv2d_generic_float.o)
 .text.ai_dict_decompress_f32
                0x00000000080096fc       0xa0 ../Middlewares/ST/AI/Lib\NetworkRuntime730_CM4_GCC.a(layers_conv2d_generic_float.o)
                0x00000000080096fc                ai_dict_decompress_f32
 .text.forward_conv2d
                0x000000000800979c      0x2d8 ../Middlewares/ST/AI/Lib\NetworkRuntime730_CM4_GCC.a(layers_conv2d_generic_float.o)
                0x000000000800979c                forward_conv2d
 .text.forward_dense
                0x0000000008009a74      0x54c ../Middlewares/ST/AI/Lib\NetworkRuntime730_CM4_GCC.a(layers_conv2d_generic_float.o)
                0x0000000008009a74                forward_dense
 .text.nl_func_relu_array_f32
                0x0000000008009fc0       0x4c ../Middlewares/ST/AI/Lib\NetworkRuntime730_CM4_GCC.a(layers_nl_generic_float.o)
                0x0000000008009fc0                nl_func_relu_array_f32
 .text.forward_relu
                0x000000000800a00c      0x268 ../Middlewares/ST/AI/Lib\NetworkRuntime730_CM4_GCC.a(layers_nl_generic_float.o)
                0x000000000800a00c                forward_relu
 .text.forward_sm
                0x000000000800a274      0x11c ../Middlewares/ST/AI/Lib\NetworkRuntime730_CM4_GCC.a(layers_nl_generic_float.o)
                0x000000000800a274                forward_sm
 .text.ai_check_custom_types
                0x000000000800a390       0x54 ../Middlewares/ST/AI/Lib\NetworkRuntime730_CM4_GCC.a(layers.o)
                0x000000000800a390                ai_check_custom_types
 .text.ai_layers_init_all
                0x000000000800a3e4       0x1c ../Middlewares/ST/AI/Lib\NetworkRuntime730_CM4_GCC.a(layers.o)
                0x000000000800a3e4                ai_layers_init_all
 .text.ai_layers_post_init_all
                0x000000000800a400       0x28 ../Middlewares/ST/AI/Lib\NetworkRuntime730_CM4_GCC.a(layers.o)
                0x000000000800a400                ai_layers_post_init_all
 .text.ai_layers_forward_all
                0x000000000800a428       0x94 ../Middlewares/ST/AI/Lib\NetworkRuntime730_CM4_GCC.a(layers.o)
                0x000000000800a428                ai_layers_forward_all
 .text.lite_dense_if32of32wf32
                0x000000000800a4bc      0x248 ../Middlewares/ST/AI/Lib\NetworkRuntime730_CM4_GCC.a(lite_dense_if32.o)
                0x000000000800a4bc                lite_dense_if32of32wf32
 .text.ai_version_get
                0x000000000800a704        0xc ../Middlewares/ST/AI/Lib\NetworkRuntime730_CM4_GCC.a(ai_datatypes_internal.o)
                0x000000000800a704                ai_version_get
 .text.get_tensor_byte_size
                0x000000000800a710       0x30 ../Middlewares/ST/AI/Lib\NetworkRuntime730_CM4_GCC.a(ai_datatypes_internal.o)
                0x000000000800a710                get_tensor_byte_size
 .text.ai_array_to_buffer_fmt
                0x000000000800a740       0xd8 ../Middlewares/ST/AI/Lib\NetworkRuntime730_CM4_GCC.a(ai_datatypes_format.o)
                0x000000000800a740                ai_array_to_buffer_fmt
 .text.ai_array_get_byte_size
                0x000000000800a818       0x50 ../Middlewares/ST/AI/Lib\NetworkRuntime730_CM4_GCC.a(ai_datatypes_format.o)
                0x000000000800a818                ai_array_get_byte_size
 .text.ai_array_get_data_byte_size
                0x000000000800a868       0x24 ../Middlewares/ST/AI/Lib\NetworkRuntime730_CM4_GCC.a(ai_datatypes_format.o)
                0x000000000800a868                ai_array_get_data_byte_size
 .text.__errno  0x000000000800a88c        0xc d:/software/stm32cubeide_1.10.1/stm32cubeide/plugins/com.st.stm32cube.ide.mcu.externaltools.gnu-tools-for-stm32.10.3-2021.10.win32_1.0.0.202111181127/tools/bin/../lib/gcc/arm-none-eabi/10.3.1/../../../../arm-none-eabi/lib/thumb/v7e-m+fp/hard\libc_nano.a(lib_a-errno.o)
                0x000000000800a88c                __errno
 .text.__libc_init_array
                0x000000000800a898       0x48 d:/software/stm32cubeide_1.10.1/stm32cubeide/plugins/com.st.stm32cube.ide.mcu.externaltools.gnu-tools-for-stm32.10.3-2021.10.win32_1.0.0.202111181127/tools/bin/../lib/gcc/arm-none-eabi/10.3.1/../../../../arm-none-eabi/lib/thumb/v7e-m+fp/hard\libc_nano.a(lib_a-init.o)
                0x000000000800a898                __libc_init_array
 .text.malloc   0x000000000800a8e0       0x10 d:/software/stm32cubeide_1.10.1/stm32cubeide/plugins/com.st.stm32cube.ide.mcu.externaltools.gnu-tools-for-stm32.10.3-2021.10.win32_1.0.0.202111181127/tools/bin/../lib/gcc/arm-none-eabi/10.3.1/../../../../arm-none-eabi/lib/thumb/v7e-m+fp/hard\libc_nano.a(lib_a-malloc.o)
                0x000000000800a8e0                malloc
 .text.memcpy   0x000000000800a8f0       0x1c d:/software/stm32cubeide_1.10.1/stm32cubeide/plugins/com.st.stm32cube.ide.mcu.externaltools.gnu-tools-for-stm32.10.3-2021.10.win32_1.0.0.202111181127/tools/bin/../lib/gcc/arm-none-eabi/10.3.1/../../../../arm-none-eabi/lib/thumb/v7e-m+fp/hard\libc_nano.a(lib_a-memcpy-stub.o)
                0x000000000800a8f0                memcpy
 .text.memset   0x000000000800a90c       0x10 d:/software/stm32cubeide_1.10.1/stm32cubeide/plugins/com.st.stm32cube.ide.mcu.externaltools.gnu-tools-for-stm32.10.3-2021.10.win32_1.0.0.202111181127/tools/bin/../lib/gcc/arm-none-eabi/10.3.1/../../../../arm-none-eabi/lib/thumb/v7e-m+fp/hard\libc_nano.a(lib_a-memset.o)
                0x000000000800a90c                memset
 .text._free_r  0x000000000800a91c       0x98 d:/software/stm32cubeide_1.10.1/stm32cubeide/plugins/com.st.stm32cube.ide.mcu.externaltools.gnu-tools-for-stm32.10.3-2021.10.win32_1.0.0.202111181127/tools/bin/../lib/gcc/arm-none-eabi/10.3.1/../../../../arm-none-eabi/lib/thumb/v7e-m+fp/hard\libc_nano.a(lib_a-nano-freer.o)
                0x000000000800a91c                _free_r
 .text.sbrk_aligned
                0x000000000800a9b4       0x40 d:/software/stm32cubeide_1.10.1/stm32cubeide/plugins/com.st.stm32cube.ide.mcu.externaltools.gnu-tools-for-stm32.10.3-2021.10.win32_1.0.0.202111181127/tools/bin/../lib/gcc/arm-none-eabi/10.3.1/../../../../arm-none-eabi/lib/thumb/v7e-m+fp/hard\libc_nano.a(lib_a-nano-mallocr.o)
 .text._malloc_r
                0x000000000800a9f4       0xe8 d:/software/stm32cubeide_1.10.1/stm32cubeide/plugins/com.st.stm32cube.ide.mcu.externaltools.gnu-tools-for-stm32.10.3-2021.10.win32_1.0.0.202111181127/tools/bin/../lib/gcc/arm-none-eabi/10.3.1/../../../../arm-none-eabi/lib/thumb/v7e-m+fp/hard\libc_nano.a(lib_a-nano-mallocr.o)
                0x000000000800a9f4                _malloc_r
 .text.__cvt    0x000000000800aadc       0xc4 d:/software/stm32cubeide_1.10.1/stm32cubeide/plugins/com.st.stm32cube.ide.mcu.externaltools.gnu-tools-for-stm32.10.3-2021.10.win32_1.0.0.202111181127/tools/bin/../lib/gcc/arm-none-eabi/10.3.1/../../../../arm-none-eabi/lib/thumb/v7e-m+fp/hard\libc_nano.a(lib_a-nano-vfprintf_float.o)
                0x000000000800aadc                __cvt
 .text.__exponent
                0x000000000800aba0       0x7c d:/software/stm32cubeide_1.10.1/stm32cubeide/plugins/com.st.stm32cube.ide.mcu.externaltools.gnu-tools-for-stm32.10.3-2021.10.win32_1.0.0.202111181127/tools/bin/../lib/gcc/arm-none-eabi/10.3.1/../../../../arm-none-eabi/lib/thumb/v7e-m+fp/hard\libc_nano.a(lib_a-nano-vfprintf_float.o)
                0x000000000800aba0                __exponent
 .text._printf_float
                0x000000000800ac1c      0x46c d:/software/stm32cubeide_1.10.1/stm32cubeide/plugins/com.st.stm32cube.ide.mcu.externaltools.gnu-tools-for-stm32.10.3-2021.10.win32_1.0.0.202111181127/tools/bin/../lib/gcc/arm-none-eabi/10.3.1/../../../../arm-none-eabi/lib/thumb/v7e-m+fp/hard\libc_nano.a(lib_a-nano-vfprintf_float.o)
                0x000000000800ac1c                _printf_float
 .text._printf_common
                0x000000000800b088       0xda d:/software/stm32cubeide_1.10.1/stm32cubeide/plugins/com.st.stm32cube.ide.mcu.externaltools.gnu-tools-for-stm32.10.3-2021.10.win32_1.0.0.202111181127/tools/bin/../lib/gcc/arm-none-eabi/10.3.1/../../../../arm-none-eabi/lib/thumb/v7e-m+fp/hard\libc_nano.a(lib_a-nano-vfprintf_i.o)
                0x000000000800b088                _printf_common
 *fill*         0x000000000800b162        0x2 
 .text._printf_i
                0x000000000800b164      0x24c d:/software/stm32cubeide_1.10.1/stm32cubeide/plugins/com.st.stm32cube.ide.mcu.externaltools.gnu-tools-for-stm32.10.3-2021.10.win32_1.0.0.202111181127/tools/bin/../lib/gcc/arm-none-eabi/10.3.1/../../../../arm-none-eabi/lib/thumb/v7e-m+fp/hard\libc_nano.a(lib_a-nano-vfprintf_i.o)
                0x000000000800b164                _printf_i
 .text.printf   0x000000000800b3b0       0x30 d:/software/stm32cubeide_1.10.1/stm32cubeide/plugins/com.st.stm32cube.ide.mcu.externaltools.gnu-tools-for-stm32.10.3-2021.10.win32_1.0.0.202111181127/tools/bin/../lib/gcc/arm-none-eabi/10.3.1/../../../../arm-none-eabi/lib/thumb/v7e-m+fp/hard\libc_nano.a(lib_a-printf.o)
                0x000000000800b3b0                iprintf
                0x000000000800b3b0                printf
 .text._sbrk_r  0x000000000800b3e0       0x20 d:/software/stm32cubeide_1.10.1/stm32cubeide/plugins/com.st.stm32cube.ide.mcu.externaltools.gnu-tools-for-stm32.10.3-2021.10.win32_1.0.0.202111181127/tools/bin/../lib/gcc/arm-none-eabi/10.3.1/../../../../arm-none-eabi/lib/thumb/v7e-m+fp/hard\libc_nano.a(lib_a-sbrkr.o)
                0x000000000800b3e0                _sbrk_r
 .text.sprintf  0x000000000800b400       0x40 d:/software/stm32cubeide_1.10.1/stm32cubeide/plugins/com.st.stm32cube.ide.mcu.externaltools.gnu-tools-for-stm32.10.3-2021.10.win32_1.0.0.202111181127/tools/bin/../lib/gcc/arm-none-eabi/10.3.1/../../../../arm-none-eabi/lib/thumb/v7e-m+fp/hard\libc_nano.a(lib_a-sprintf.o)
                0x000000000800b400                siprintf
                0x000000000800b400                sprintf
 .text.strcat   0x000000000800b440       0x1e d:/software/stm32cubeide_1.10.1/stm32cubeide/plugins/com.st.stm32cube.ide.mcu.externaltools.gnu-tools-for-stm32.10.3-2021.10.win32_1.0.0.202111181127/tools/bin/../lib/gcc/arm-none-eabi/10.3.1/../../../../arm-none-eabi/lib/thumb/v7e-m+fp/hard\libc_nano.a(lib_a-strcat.o)
                0x000000000800b440                strcat
 .text.quorem   0x000000000800b45e      0x116 d:/software/stm32cubeide_1.10.1/stm32cubeide/plugins/com.st.stm32cube.ide.mcu.externaltools.gnu-tools-for-stm32.10.3-2021.10.win32_1.0.0.202111181127/tools/bin/../lib/gcc/arm-none-eabi/10.3.1/../../../../arm-none-eabi/lib/thumb/v7e-m+fp/hard\libc_nano.a(lib_a-dtoa.o)
 *fill*         0x000000000800b574        0x4 
 .text._dtoa_r  0x000000000800b578      0xbdc d:/software/stm32cubeide_1.10.1/stm32cubeide/plugins/com.st.stm32cube.ide.mcu.externaltools.gnu-tools-for-stm32.10.3-2021.10.win32_1.0.0.202111181127/tools/bin/../lib/gcc/arm-none-eabi/10.3.1/../../../../arm-none-eabi/lib/thumb/v7e-m+fp/hard\libc_nano.a(lib_a-dtoa.o)
                0x000000000800b578                _dtoa_r
 .text.std      0x000000000800c154       0x48 d:/software/stm32cubeide_1.10.1/stm32cubeide/plugins/com.st.stm32cube.ide.mcu.externaltools.gnu-tools-for-stm32.10.3-2021.10.win32_1.0.0.202111181127/tools/bin/../lib/gcc/arm-none-eabi/10.3.1/../../../../arm-none-eabi/lib/thumb/v7e-m+fp/hard\libc_nano.a(lib_a-findfp.o)
 .text._cleanup_r
                0x000000000800c19c        0xc d:/software/stm32cubeide_1.10.1/stm32cubeide/plugins/com.st.stm32cube.ide.mcu.externaltools.gnu-tools-for-stm32.10.3-2021.10.win32_1.0.0.202111181127/tools/bin/../lib/gcc/arm-none-eabi/10.3.1/../../../../arm-none-eabi/lib/thumb/v7e-m+fp/hard\libc_nano.a(lib_a-findfp.o)
                0x000000000800c19c                _cleanup_r
 .text.__sfmoreglue
                0x000000000800c1a8       0x2c d:/software/stm32cubeide_1.10.1/stm32cubeide/plugins/com.st.stm32cube.ide.mcu.externaltools.gnu-tools-for-stm32.10.3-2021.10.win32_1.0.0.202111181127/tools/bin/../lib/gcc/arm-none-eabi/10.3.1/../../../../arm-none-eabi/lib/thumb/v7e-m+fp/hard\libc_nano.a(lib_a-findfp.o)
                0x000000000800c1a8                __sfmoreglue
 .text.__sfp_lock_acquire
                0x000000000800c1d4        0xc d:/software/stm32cubeide_1.10.1/stm32cubeide/plugins/com.st.stm32cube.ide.mcu.externaltools.gnu-tools-for-stm32.10.3-2021.10.win32_1.0.0.202111181127/tools/bin/../lib/gcc/arm-none-eabi/10.3.1/../../../../arm-none-eabi/lib/thumb/v7e-m+fp/hard\libc_nano.a(lib_a-findfp.o)
                0x000000000800c1d4                __sfp_lock_acquire
 .text.__sfp_lock_release
                0x000000000800c1e0        0xc d:/software/stm32cubeide_1.10.1/stm32cubeide/plugins/com.st.stm32cube.ide.mcu.externaltools.gnu-tools-for-stm32.10.3-2021.10.win32_1.0.0.202111181127/tools/bin/../lib/gcc/arm-none-eabi/10.3.1/../../../../arm-none-eabi/lib/thumb/v7e-m+fp/hard\libc_nano.a(lib_a-findfp.o)
                0x000000000800c1e0                __sfp_lock_release
 .text.__sinit_lock_acquire
                0x000000000800c1ec        0xc d:/software/stm32cubeide_1.10.1/stm32cubeide/plugins/com.st.stm32cube.ide.mcu.externaltools.gnu-tools-for-stm32.10.3-2021.10.win32_1.0.0.202111181127/tools/bin/../lib/gcc/arm-none-eabi/10.3.1/../../../../arm-none-eabi/lib/thumb/v7e-m+fp/hard\libc_nano.a(lib_a-findfp.o)
                0x000000000800c1ec                __sinit_lock_acquire
 .text.__sinit_lock_release
                0x000000000800c1f8        0xc d:/software/stm32cubeide_1.10.1/stm32cubeide/plugins/com.st.stm32cube.ide.mcu.externaltools.gnu-tools-for-stm32.10.3-2021.10.win32_1.0.0.202111181127/tools/bin/../lib/gcc/arm-none-eabi/10.3.1/../../../../arm-none-eabi/lib/thumb/v7e-m+fp/hard\libc_nano.a(lib_a-findfp.o)
                0x000000000800c1f8                __sinit_lock_release
 .text.__sinit  0x000000000800c204       0x70 d:/software/stm32cubeide_1.10.1/stm32cubeide/plugins/com.st.stm32cube.ide.mcu.externaltools.gnu-tools-for-stm32.10.3-2021.10.win32_1.0.0.202111181127/tools/bin/../lib/gcc/arm-none-eabi/10.3.1/../../../../arm-none-eabi/lib/thumb/v7e-m+fp/hard\libc_nano.a(lib_a-findfp.o)
                0x000000000800c204                __sinit
 .text.__sfp    0x000000000800c274       0x8c d:/software/stm32cubeide_1.10.1/stm32cubeide/plugins/com.st.stm32cube.ide.mcu.externaltools.gnu-tools-for-stm32.10.3-2021.10.win32_1.0.0.202111181127/tools/bin/../lib/gcc/arm-none-eabi/10.3.1/../../../../arm-none-eabi/lib/thumb/v7e-m+fp/hard\libc_nano.a(lib_a-findfp.o)
                0x000000000800c274                __sfp
 .text._fwalk_reent
                0x000000000800c300       0x3e d:/software/stm32cubeide_1.10.1/stm32cubeide/plugins/com.st.stm32cube.ide.mcu.externaltools.gnu-tools-for-stm32.10.3-2021.10.win32_1.0.0.202111181127/tools/bin/../lib/gcc/arm-none-eabi/10.3.1/../../../../arm-none-eabi/lib/thumb/v7e-m+fp/hard\libc_nano.a(lib_a-fwalk.o)
                0x000000000800c300                _fwalk_reent
 *fill*         0x000000000800c33e        0x2 
 .text._localeconv_r
                0x000000000800c340        0x8 d:/software/stm32cubeide_1.10.1/stm32cubeide/plugins/com.st.stm32cube.ide.mcu.externaltools.gnu-tools-for-stm32.10.3-2021.10.win32_1.0.0.202111181127/tools/bin/../lib/gcc/arm-none-eabi/10.3.1/../../../../arm-none-eabi/lib/thumb/v7e-m+fp/hard\libc_nano.a(lib_a-localeconv.o)
                0x000000000800c340                _localeconv_r
 .text.__retarget_lock_init_recursive
                0x000000000800c348        0x2 d:/software/stm32cubeide_1.10.1/stm32cubeide/plugins/com.st.stm32cube.ide.mcu.externaltools.gnu-tools-for-stm32.10.3-2021.10.win32_1.0.0.202111181127/tools/bin/../lib/gcc/arm-none-eabi/10.3.1/../../../../arm-none-eabi/lib/thumb/v7e-m+fp/hard\libc_nano.a(lib_a-lock.o)
                0x000000000800c348                __retarget_lock_init_recursive
 .text.__retarget_lock_acquire_recursive
                0x000000000800c34a        0x2 d:/software/stm32cubeide_1.10.1/stm32cubeide/plugins/com.st.stm32cube.ide.mcu.externaltools.gnu-tools-for-stm32.10.3-2021.10.win32_1.0.0.202111181127/tools/bin/../lib/gcc/arm-none-eabi/10.3.1/../../../../arm-none-eabi/lib/thumb/v7e-m+fp/hard\libc_nano.a(lib_a-lock.o)
                0x000000000800c34a                __retarget_lock_acquire_recursive
 .text.__retarget_lock_release_recursive
                0x000000000800c34c        0x2 d:/software/stm32cubeide_1.10.1/stm32cubeide/plugins/com.st.stm32cube.ide.mcu.externaltools.gnu-tools-for-stm32.10.3-2021.10.win32_1.0.0.202111181127/tools/bin/../lib/gcc/arm-none-eabi/10.3.1/../../../../arm-none-eabi/lib/thumb/v7e-m+fp/hard\libc_nano.a(lib_a-lock.o)
                0x000000000800c34c                __retarget_lock_release_recursive
 *fill*         0x000000000800c34e        0x2 
 .text.__malloc_lock
                0x000000000800c350        0xc d:/software/stm32cubeide_1.10.1/stm32cubeide/plugins/com.st.stm32cube.ide.mcu.externaltools.gnu-tools-for-stm32.10.3-2021.10.win32_1.0.0.202111181127/tools/bin/../lib/gcc/arm-none-eabi/10.3.1/../../../../arm-none-eabi/lib/thumb/v7e-m+fp/hard\libc_nano.a(lib_a-mlock.o)
                0x000000000800c350                __malloc_lock
 .text.__malloc_unlock
                0x000000000800c35c        0xc d:/software/stm32cubeide_1.10.1/stm32cubeide/plugins/com.st.stm32cube.ide.mcu.externaltools.gnu-tools-for-stm32.10.3-2021.10.win32_1.0.0.202111181127/tools/bin/../lib/gcc/arm-none-eabi/10.3.1/../../../../arm-none-eabi/lib/thumb/v7e-m+fp/hard\libc_nano.a(lib_a-mlock.o)
                0x000000000800c35c                __malloc_unlock
 .text._Balloc  0x000000000800c368       0x80 d:/software/stm32cubeide_1.10.1/stm32cubeide/plugins/com.st.stm32cube.ide.mcu.externaltools.gnu-tools-for-stm32.10.3-2021.10.win32_1.0.0.202111181127/tools/bin/../lib/gcc/arm-none-eabi/10.3.1/../../../../arm-none-eabi/lib/thumb/v7e-m+fp/hard\libc_nano.a(lib_a-mprec.o)
                0x000000000800c368                _Balloc
 .text._Bfree   0x000000000800c3e8       0x44 d:/software/stm32cubeide_1.10.1/stm32cubeide/plugins/com.st.stm32cube.ide.mcu.externaltools.gnu-tools-for-stm32.10.3-2021.10.win32_1.0.0.202111181127/tools/bin/../lib/gcc/arm-none-eabi/10.3.1/../../../../arm-none-eabi/lib/thumb/v7e-m+fp/hard\libc_nano.a(lib_a-mprec.o)
                0x000000000800c3e8                _Bfree
 .text.__multadd
                0x000000000800c42c       0x8c d:/software/stm32cubeide_1.10.1/stm32cubeide/plugins/com.st.stm32cube.ide.mcu.externaltools.gnu-tools-for-stm32.10.3-2021.10.win32_1.0.0.202111181127/tools/bin/../lib/gcc/arm-none-eabi/10.3.1/../../../../arm-none-eabi/lib/thumb/v7e-m+fp/hard\libc_nano.a(lib_a-mprec.o)
                0x000000000800c42c                __multadd
 .text.__hi0bits
                0x000000000800c4b8       0x40 d:/software/stm32cubeide_1.10.1/stm32cubeide/plugins/com.st.stm32cube.ide.mcu.externaltools.gnu-tools-for-stm32.10.3-2021.10.win32_1.0.0.202111181127/tools/bin/../lib/gcc/arm-none-eabi/10.3.1/../../../../arm-none-eabi/lib/thumb/v7e-m+fp/hard\libc_nano.a(lib_a-mprec.o)
                0x000000000800c4b8                __hi0bits
 .text.__lo0bits
                0x000000000800c4f8       0x5e d:/software/stm32cubeide_1.10.1/stm32cubeide/plugins/com.st.stm32cube.ide.mcu.externaltools.gnu-tools-for-stm32.10.3-2021.10.win32_1.0.0.202111181127/tools/bin/../lib/gcc/arm-none-eabi/10.3.1/../../../../arm-none-eabi/lib/thumb/v7e-m+fp/hard\libc_nano.a(lib_a-mprec.o)
                0x000000000800c4f8                __lo0bits
 *fill*         0x000000000800c556        0x2 
 .text.__i2b    0x000000000800c558       0x2c d:/software/stm32cubeide_1.10.1/stm32cubeide/plugins/com.st.stm32cube.ide.mcu.externaltools.gnu-tools-for-stm32.10.3-2021.10.win32_1.0.0.202111181127/tools/bin/../lib/gcc/arm-none-eabi/10.3.1/../../../../arm-none-eabi/lib/thumb/v7e-m+fp/hard\libc_nano.a(lib_a-mprec.o)
                0x000000000800c558                __i2b
 .text.__multiply
                0x000000000800c584      0x154 d:/software/stm32cubeide_1.10.1/stm32cubeide/plugins/com.st.stm32cube.ide.mcu.externaltools.gnu-tools-for-stm32.10.3-2021.10.win32_1.0.0.202111181127/tools/bin/../lib/gcc/arm-none-eabi/10.3.1/../../../../arm-none-eabi/lib/thumb/v7e-m+fp/hard\libc_nano.a(lib_a-mprec.o)
                0x000000000800c584                __multiply
 .text.__pow5mult
                0x000000000800c6d8       0xb4 d:/software/stm32cubeide_1.10.1/stm32cubeide/plugins/com.st.stm32cube.ide.mcu.externaltools.gnu-tools-for-stm32.10.3-2021.10.win32_1.0.0.202111181127/tools/bin/../lib/gcc/arm-none-eabi/10.3.1/../../../../arm-none-eabi/lib/thumb/v7e-m+fp/hard\libc_nano.a(lib_a-mprec.o)
                0x000000000800c6d8                __pow5mult
 .text.__lshift
                0x000000000800c78c       0xe0 d:/software/stm32cubeide_1.10.1/stm32cubeide/plugins/com.st.stm32cube.ide.mcu.externaltools.gnu-tools-for-stm32.10.3-2021.10.win32_1.0.0.202111181127/tools/bin/../lib/gcc/arm-none-eabi/10.3.1/../../../../arm-none-eabi/lib/thumb/v7e-m+fp/hard\libc_nano.a(lib_a-mprec.o)
                0x000000000800c78c                __lshift
 .text.__mcmp   0x000000000800c86c       0x38 d:/software/stm32cubeide_1.10.1/stm32cubeide/plugins/com.st.stm32cube.ide.mcu.externaltools.gnu-tools-for-stm32.10.3-2021.10.win32_1.0.0.202111181127/tools/bin/../lib/gcc/arm-none-eabi/10.3.1/../../../../arm-none-eabi/lib/thumb/v7e-m+fp/hard\libc_nano.a(lib_a-mprec.o)
                0x000000000800c86c                __mcmp
 .text.__mdiff  0x000000000800c8a4      0x114 d:/software/stm32cubeide_1.10.1/stm32cubeide/plugins/com.st.stm32cube.ide.mcu.externaltools.gnu-tools-for-stm32.10.3-2021.10.win32_1.0.0.202111181127/tools/bin/../lib/gcc/arm-none-eabi/10.3.1/../../../../arm-none-eabi/lib/thumb/v7e-m+fp/hard\libc_nano.a(lib_a-mprec.o)
                0x000000000800c8a4                __mdiff
 .text.__d2b    0x000000000800c9b8       0xb8 d:/software/stm32cubeide_1.10.1/stm32cubeide/plugins/com.st.stm32cube.ide.mcu.externaltools.gnu-tools-for-stm32.10.3-2021.10.win32_1.0.0.202111181127/tools/bin/../lib/gcc/arm-none-eabi/10.3.1/../../../../arm-none-eabi/lib/thumb/v7e-m+fp/hard\libc_nano.a(lib_a-mprec.o)
                0x000000000800c9b8                __d2b
 .text._calloc_r
                0x000000000800ca70       0x2c d:/software/stm32cubeide_1.10.1/stm32cubeide/plugins/com.st.stm32cube.ide.mcu.externaltools.gnu-tools-for-stm32.10.3-2021.10.win32_1.0.0.202111181127/tools/bin/../lib/gcc/arm-none-eabi/10.3.1/../../../../arm-none-eabi/lib/thumb/v7e-m+fp/hard\libc_nano.a(lib_a-nano-callocr.o)
                0x000000000800ca70                _calloc_r
 .text._realloc_r
                0x000000000800ca9c       0x5e d:/software/stm32cubeide_1.10.1/stm32cubeide/plugins/com.st.stm32cube.ide.mcu.externaltools.gnu-tools-for-stm32.10.3-2021.10.win32_1.0.0.202111181127/tools/bin/../lib/gcc/arm-none-eabi/10.3.1/../../../../arm-none-eabi/lib/thumb/v7e-m+fp/hard\libc_nano.a(lib_a-nano-reallocr.o)
                0x000000000800ca9c                _realloc_r
 .text.__ssputs_r
                0x000000000800cafa       0xb6 d:/software/stm32cubeide_1.10.1/stm32cubeide/plugins/com.st.stm32cube.ide.mcu.externaltools.gnu-tools-for-stm32.10.3-2021.10.win32_1.0.0.202111181127/tools/bin/../lib/gcc/arm-none-eabi/10.3.1/../../../../arm-none-eabi/lib/thumb/v7e-m+fp/hard\libc_nano.a(lib_a-nano-svfprintf.o)
                0x000000000800cafa                __ssputs_r
 .text._svfprintf_r
                0x000000000800cbb0      0x200 d:/software/stm32cubeide_1.10.1/stm32cubeide/plugins/com.st.stm32cube.ide.mcu.externaltools.gnu-tools-for-stm32.10.3-2021.10.win32_1.0.0.202111181127/tools/bin/../lib/gcc/arm-none-eabi/10.3.1/../../../../arm-none-eabi/lib/thumb/v7e-m+fp/hard\libc_nano.a(lib_a-nano-svfprintf.o)
                0x000000000800cbb0                _svfiprintf_r
                0x000000000800cbb0                _svfprintf_r
 .text.__sfputc_r
                0x000000000800cdb0       0x2e d:/software/stm32cubeide_1.10.1/stm32cubeide/plugins/com.st.stm32cube.ide.mcu.externaltools.gnu-tools-for-stm32.10.3-2021.10.win32_1.0.0.202111181127/tools/bin/../lib/gcc/arm-none-eabi/10.3.1/../../../../arm-none-eabi/lib/thumb/v7e-m+fp/hard\libc_nano.a(lib_a-nano-vfprintf.o)
 .text.__sfputs_r
                0x000000000800cdde       0x24 d:/software/stm32cubeide_1.10.1/stm32cubeide/plugins/com.st.stm32cube.ide.mcu.externaltools.gnu-tools-for-stm32.10.3-2021.10.win32_1.0.0.202111181127/tools/bin/../lib/gcc/arm-none-eabi/10.3.1/../../../../arm-none-eabi/lib/thumb/v7e-m+fp/hard\libc_nano.a(lib_a-nano-vfprintf.o)
                0x000000000800cdde                __sfputs_r
 *fill*         0x000000000800ce02        0x2 
 .text._vfprintf_r
                0x000000000800ce04      0x260 d:/software/stm32cubeide_1.10.1/stm32cubeide/plugins/com.st.stm32cube.ide.mcu.externaltools.gnu-tools-for-stm32.10.3-2021.10.win32_1.0.0.202111181127/tools/bin/../lib/gcc/arm-none-eabi/10.3.1/../../../../arm-none-eabi/lib/thumb/v7e-m+fp/hard\libc_nano.a(lib_a-nano-vfprintf.o)
                0x000000000800ce04                _vfprintf_r
                0x000000000800ce04                _vfiprintf_r
 .text.__sread  0x000000000800d064       0x22 d:/software/stm32cubeide_1.10.1/stm32cubeide/plugins/com.st.stm32cube.ide.mcu.externaltools.gnu-tools-for-stm32.10.3-2021.10.win32_1.0.0.202111181127/tools/bin/../lib/gcc/arm-none-eabi/10.3.1/../../../../arm-none-eabi/lib/thumb/v7e-m+fp/hard\libc_nano.a(lib_a-stdio.o)
                0x000000000800d064                __sread
 .text.__swrite
                0x000000000800d086       0x38 d:/software/stm32cubeide_1.10.1/stm32cubeide/plugins/com.st.stm32cube.ide.mcu.externaltools.gnu-tools-for-stm32.10.3-2021.10.win32_1.0.0.202111181127/tools/bin/../lib/gcc/arm-none-eabi/10.3.1/../../../../arm-none-eabi/lib/thumb/v7e-m+fp/hard\libc_nano.a(lib_a-stdio.o)
                0x000000000800d086                __swrite
 .text.__sseek  0x000000000800d0be       0x24 d:/software/stm32cubeide_1.10.1/stm32cubeide/plugins/com.st.stm32cube.ide.mcu.externaltools.gnu-tools-for-stm32.10.3-2021.10.win32_1.0.0.202111181127/tools/bin/../lib/gcc/arm-none-eabi/10.3.1/../../../../arm-none-eabi/lib/thumb/v7e-m+fp/hard\libc_nano.a(lib_a-stdio.o)
                0x000000000800d0be                __sseek
 .text.__sclose
                0x000000000800d0e2        0x8 d:/software/stm32cubeide_1.10.1/stm32cubeide/plugins/com.st.stm32cube.ide.mcu.externaltools.gnu-tools-for-stm32.10.3-2021.10.win32_1.0.0.202111181127/tools/bin/../lib/gcc/arm-none-eabi/10.3.1/../../../../arm-none-eabi/lib/thumb/v7e-m+fp/hard\libc_nano.a(lib_a-stdio.o)
                0x000000000800d0e2                __sclose
 *fill*         0x000000000800d0ea        0x2 
 .text.__swbuf_r
                0x000000000800d0ec       0xa4 d:/software/stm32cubeide_1.10.1/stm32cubeide/plugins/com.st.stm32cube.ide.mcu.externaltools.gnu-tools-for-stm32.10.3-2021.10.win32_1.0.0.202111181127/tools/bin/../lib/gcc/arm-none-eabi/10.3.1/../../../../arm-none-eabi/lib/thumb/v7e-m+fp/hard\libc_nano.a(lib_a-wbuf.o)
                0x000000000800d0ec                __swbuf_r
 .text._write_r
                0x000000000800d190       0x24 d:/software/stm32cubeide_1.10.1/stm32cubeide/plugins/com.st.stm32cube.ide.mcu.externaltools.gnu-tools-for-stm32.10.3-2021.10.win32_1.0.0.202111181127/tools/bin/../lib/gcc/arm-none-eabi/10.3.1/../../../../arm-none-eabi/lib/thumb/v7e-m+fp/hard\libc_nano.a(lib_a-writer.o)
                0x000000000800d190                _write_r
 .text.__swsetup_r
                0x000000000800d1b4       0xdc d:/software/stm32cubeide_1.10.1/stm32cubeide/plugins/com.st.stm32cube.ide.mcu.externaltools.gnu-tools-for-stm32.10.3-2021.10.win32_1.0.0.202111181127/tools/bin/../lib/gcc/arm-none-eabi/10.3.1/../../../../arm-none-eabi/lib/thumb/v7e-m+fp/hard\libc_nano.a(lib_a-wsetup.o)
                0x000000000800d1b4                __swsetup_r
 .text.__assert_func
                0x000000000800d290       0x3c d:/software/stm32cubeide_1.10.1/stm32cubeide/plugins/com.st.stm32cube.ide.mcu.externaltools.gnu-tools-for-stm32.10.3-2021.10.win32_1.0.0.202111181127/tools/bin/../lib/gcc/arm-none-eabi/10.3.1/../../../../arm-none-eabi/lib/thumb/v7e-m+fp/hard\libc_nano.a(lib_a-assert.o)
                0x000000000800d290                __assert_func
 .text._close_r
                0x000000000800d2cc       0x20 d:/software/stm32cubeide_1.10.1/stm32cubeide/plugins/com.st.stm32cube.ide.mcu.externaltools.gnu-tools-for-stm32.10.3-2021.10.win32_1.0.0.202111181127/tools/bin/../lib/gcc/arm-none-eabi/10.3.1/../../../../arm-none-eabi/lib/thumb/v7e-m+fp/hard\libc_nano.a(lib_a-closer.o)
                0x000000000800d2cc                _close_r
 .text.__sflush_r
                0x000000000800d2ec      0x10c d:/software/stm32cubeide_1.10.1/stm32cubeide/plugins/com.st.stm32cube.ide.mcu.externaltools.gnu-tools-for-stm32.10.3-2021.10.win32_1.0.0.202111181127/tools/bin/../lib/gcc/arm-none-eabi/10.3.1/../../../../arm-none-eabi/lib/thumb/v7e-m+fp/hard\libc_nano.a(lib_a-fflush.o)
                0x000000000800d2ec                __sflush_r
 .text._fflush_r
                0x000000000800d3f8       0x78 d:/software/stm32cubeide_1.10.1/stm32cubeide/plugins/com.st.stm32cube.ide.mcu.externaltools.gnu-tools-for-stm32.10.3-2021.10.win32_1.0.0.202111181127/tools/bin/../lib/gcc/arm-none-eabi/10.3.1/../../../../arm-none-eabi/lib/thumb/v7e-m+fp/hard\libc_nano.a(lib_a-fflush.o)
                0x000000000800d3f8                _fflush_r
 .text.fprintf  0x000000000800d470       0x24 d:/software/stm32cubeide_1.10.1/stm32cubeide/plugins/com.st.stm32cube.ide.mcu.externaltools.gnu-tools-for-stm32.10.3-2021.10.win32_1.0.0.202111181127/tools/bin/../lib/gcc/arm-none-eabi/10.3.1/../../../../arm-none-eabi/lib/thumb/v7e-m+fp/hard\libc_nano.a(lib_a-fprintf.o)
                0x000000000800d470                fiprintf
                0x000000000800d470                fprintf
 .text._lseek_r
                0x000000000800d494       0x24 d:/software/stm32cubeide_1.10.1/stm32cubeide/plugins/com.st.stm32cube.ide.mcu.externaltools.gnu-tools-for-stm32.10.3-2021.10.win32_1.0.0.202111181127/tools/bin/../lib/gcc/arm-none-eabi/10.3.1/../../../../arm-none-eabi/lib/thumb/v7e-m+fp/hard\libc_nano.a(lib_a-lseekr.o)
                0x000000000800d494                _lseek_r
 .text.__swhatbuf_r
                0x000000000800d4b8       0x4a d:/software/stm32cubeide_1.10.1/stm32cubeide/plugins/com.st.stm32cube.ide.mcu.externaltools.gnu-tools-for-stm32.10.3-2021.10.win32_1.0.0.202111181127/tools/bin/../lib/gcc/arm-none-eabi/10.3.1/../../../../arm-none-eabi/lib/thumb/v7e-m+fp/hard\libc_nano.a(lib_a-makebuf.o)
                0x000000000800d4b8                __swhatbuf_r
 *fill*         0x000000000800d502        0x2 
 .text.__smakebuf_r
                0x000000000800d504       0x80 d:/software/stm32cubeide_1.10.1/stm32cubeide/plugins/com.st.stm32cube.ide.mcu.externaltools.gnu-tools-for-stm32.10.3-2021.10.win32_1.0.0.202111181127/tools/bin/../lib/gcc/arm-none-eabi/10.3.1/../../../../arm-none-eabi/lib/thumb/v7e-m+fp/hard\libc_nano.a(lib_a-makebuf.o)
                0x000000000800d504                __smakebuf_r
 .text.__ascii_mbtowc
                0x000000000800d584       0x24 d:/software/stm32cubeide_1.10.1/stm32cubeide/plugins/com.st.stm32cube.ide.mcu.externaltools.gnu-tools-for-stm32.10.3-2021.10.win32_1.0.0.202111181127/tools/bin/../lib/gcc/arm-none-eabi/10.3.1/../../../../arm-none-eabi/lib/thumb/v7e-m+fp/hard\libc_nano.a(lib_a-mbtowc_r.o)
                0x000000000800d584                __ascii_mbtowc
 .text.memmove  0x000000000800d5a8       0x34 d:/software/stm32cubeide_1.10.1/stm32cubeide/plugins/com.st.stm32cube.ide.mcu.externaltools.gnu-tools-for-stm32.10.3-2021.10.win32_1.0.0.202111181127/tools/bin/../lib/gcc/arm-none-eabi/10.3.1/../../../../arm-none-eabi/lib/thumb/v7e-m+fp/hard\libc_nano.a(lib_a-memmove.o)
                0x000000000800d5a8                memmove
 .text._malloc_usable_size_r
                0x000000000800d5dc       0x10 d:/software/stm32cubeide_1.10.1/stm32cubeide/plugins/com.st.stm32cube.ide.mcu.externaltools.gnu-tools-for-stm32.10.3-2021.10.win32_1.0.0.202111181127/tools/bin/../lib/gcc/arm-none-eabi/10.3.1/../../../../arm-none-eabi/lib/thumb/v7e-m+fp/hard\libc_nano.a(lib_a-nano-msizer.o)
                0x000000000800d5dc                _malloc_usable_size_r
 .text._read_r  0x000000000800d5ec       0x24 d:/software/stm32cubeide_1.10.1/stm32cubeide/plugins/com.st.stm32cube.ide.mcu.externaltools.gnu-tools-for-stm32.10.3-2021.10.win32_1.0.0.202111181127/tools/bin/../lib/gcc/arm-none-eabi/10.3.1/../../../../arm-none-eabi/lib/thumb/v7e-m+fp/hard\libc_nano.a(lib_a-readr.o)
                0x000000000800d5ec                _read_r
 .text.__ascii_wctomb
                0x000000000800d610       0x1a d:/software/stm32cubeide_1.10.1/stm32cubeide/plugins/com.st.stm32cube.ide.mcu.externaltools.gnu-tools-for-stm32.10.3-2021.10.win32_1.0.0.202111181127/tools/bin/../lib/gcc/arm-none-eabi/10.3.1/../../../../arm-none-eabi/lib/thumb/v7e-m+fp/hard\libc_nano.a(lib_a-wctomb_r.o)
                0x000000000800d610                __ascii_wctomb
 .text.abort    0x000000000800d62a        0xe d:/software/stm32cubeide_1.10.1/stm32cubeide/plugins/com.st.stm32cube.ide.mcu.externaltools.gnu-tools-for-stm32.10.3-2021.10.win32_1.0.0.202111181127/tools/bin/../lib/gcc/arm-none-eabi/10.3.1/../../../../arm-none-eabi/lib/thumb/v7e-m+fp/hard\libc_nano.a(lib_a-abort.o)
                0x000000000800d62a                abort
 .text._fstat_r
                0x000000000800d638       0x24 d:/software/stm32cubeide_1.10.1/stm32cubeide/plugins/com.st.stm32cube.ide.mcu.externaltools.gnu-tools-for-stm32.10.3-2021.10.win32_1.0.0.202111181127/tools/bin/../lib/gcc/arm-none-eabi/10.3.1/../../../../arm-none-eabi/lib/thumb/v7e-m+fp/hard\libc_nano.a(lib_a-fstatr.o)
                0x000000000800d638                _fstat_r
 .text._isatty_r
                0x000000000800d65c       0x20 d:/software/stm32cubeide_1.10.1/stm32cubeide/plugins/com.st.stm32cube.ide.mcu.externaltools.gnu-tools-for-stm32.10.3-2021.10.win32_1.0.0.202111181127/tools/bin/../lib/gcc/arm-none-eabi/10.3.1/../../../../arm-none-eabi/lib/thumb/v7e-m+fp/hard\libc_nano.a(lib_a-isattyr.o)
                0x000000000800d65c                _isatty_r
 .text._raise_r
                0x000000000800d67c       0x50 d:/software/stm32cubeide_1.10.1/stm32cubeide/plugins/com.st.stm32cube.ide.mcu.externaltools.gnu-tools-for-stm32.10.3-2021.10.win32_1.0.0.202111181127/tools/bin/../lib/gcc/arm-none-eabi/10.3.1/../../../../arm-none-eabi/lib/thumb/v7e-m+fp/hard\libc_nano.a(lib_a-signal.o)
                0x000000000800d67c                _raise_r
 .text.raise    0x000000000800d6cc       0x10 d:/software/stm32cubeide_1.10.1/stm32cubeide/plugins/com.st.stm32cube.ide.mcu.externaltools.gnu-tools-for-stm32.10.3-2021.10.win32_1.0.0.202111181127/tools/bin/../lib/gcc/arm-none-eabi/10.3.1/../../../../arm-none-eabi/lib/thumb/v7e-m+fp/hard\libc_nano.a(lib_a-signal.o)
                0x000000000800d6cc                raise
 .text._kill_r  0x000000000800d6dc       0x24 d:/software/stm32cubeide_1.10.1/stm32cubeide/plugins/com.st.stm32cube.ide.mcu.externaltools.gnu-tools-for-stm32.10.3-2021.10.win32_1.0.0.202111181127/tools/bin/../lib/gcc/arm-none-eabi/10.3.1/../../../../arm-none-eabi/lib/thumb/v7e-m+fp/hard\libc_nano.a(lib_a-signalr.o)
                0x000000000800d6dc                _kill_r
 .text._getpid_r
                0x000000000800d700        0x4 d:/software/stm32cubeide_1.10.1/stm32cubeide/plugins/com.st.stm32cube.ide.mcu.externaltools.gnu-tools-for-stm32.10.3-2021.10.win32_1.0.0.202111181127/tools/bin/../lib/gcc/arm-none-eabi/10.3.1/../../../../arm-none-eabi/lib/thumb/v7e-m+fp/hard\libc_nano.a(lib_a-signalr.o)
                0x000000000800d700                _getpid_r
 .text.expf     0x000000000800d704       0x6c d:/software/stm32cubeide_1.10.1/stm32cubeide/plugins/com.st.stm32cube.ide.mcu.externaltools.gnu-tools-for-stm32.10.3-2021.10.win32_1.0.0.202111181127/tools/bin/../lib/gcc/arm-none-eabi/10.3.1/../../../../arm-none-eabi/lib/thumb/v7e-m+fp/hard\libm.a(lib_a-wf_exp.o)
                0x000000000800d704                expf
 .text.__ieee754_expf
                0x000000000800d770      0x19c d:/software/stm32cubeide_1.10.1/stm32cubeide/plugins/com.st.stm32cube.ide.mcu.externaltools.gnu-tools-for-stm32.10.3-2021.10.win32_1.0.0.202111181127/tools/bin/../lib/gcc/arm-none-eabi/10.3.1/../../../../arm-none-eabi/lib/thumb/v7e-m+fp/hard\libm.a(lib_a-ef_exp.o)
                0x000000000800d770                __ieee754_expf
 .text.with_errnof
                0x000000000800d90c       0x16 d:/software/stm32cubeide_1.10.1/stm32cubeide/plugins/com.st.stm32cube.ide.mcu.externaltools.gnu-tools-for-stm32.10.3-2021.10.win32_1.0.0.202111181127/tools/bin/../lib/gcc/arm-none-eabi/10.3.1/../../../../arm-none-eabi/lib/thumb/v7e-m+fp/hard\libm.a(lib_a-math_errf.o)
 .text.xflowf   0x000000000800d922       0x16 d:/software/stm32cubeide_1.10.1/stm32cubeide/plugins/com.st.stm32cube.ide.mcu.externaltools.gnu-tools-for-stm32.10.3-2021.10.win32_1.0.0.202111181127/tools/bin/../lib/gcc/arm-none-eabi/10.3.1/../../../../arm-none-eabi/lib/thumb/v7e-m+fp/hard\libm.a(lib_a-math_errf.o)
 .text.__math_uflowf
                0x000000000800d938        0xc d:/software/stm32cubeide_1.10.1/stm32cubeide/plugins/com.st.stm32cube.ide.mcu.externaltools.gnu-tools-for-stm32.10.3-2021.10.win32_1.0.0.202111181127/tools/bin/../lib/gcc/arm-none-eabi/10.3.1/../../../../arm-none-eabi/lib/thumb/v7e-m+fp/hard\libm.a(lib_a-math_errf.o)
                0x000000000800d938                __math_uflowf
 .text.__math_oflowf
                0x000000000800d944        0xc d:/software/stm32cubeide_1.10.1/stm32cubeide/plugins/com.st.stm32cube.ide.mcu.externaltools.gnu-tools-for-stm32.10.3-2021.10.win32_1.0.0.202111181127/tools/bin/../lib/gcc/arm-none-eabi/10.3.1/../../../../arm-none-eabi/lib/thumb/v7e-m+fp/hard\libm.a(lib_a-math_errf.o)
                0x000000000800d944                __math_oflowf
 .text.finitef  0x000000000800d950       0x1a d:/software/stm32cubeide_1.10.1/stm32cubeide/plugins/com.st.stm32cube.ide.mcu.externaltools.gnu-tools-for-stm32.10.3-2021.10.win32_1.0.0.202111181127/tools/bin/../lib/gcc/arm-none-eabi/10.3.1/../../../../arm-none-eabi/lib/thumb/v7e-m+fp/hard\libm.a(lib_a-sf_finite.o)
                0x000000000800d950                finitef
 *fill*         0x000000000800d96a        0x2 
 .text._close   0x000000000800d96c       0x10 d:/software/stm32cubeide_1.10.1/stm32cubeide/plugins/com.st.stm32cube.ide.mcu.externaltools.gnu-tools-for-stm32.10.3-2021.10.win32_1.0.0.202111181127/tools/bin/../lib/gcc/arm-none-eabi/10.3.1/../../../../arm-none-eabi/lib/thumb/v7e-m+fp/hard\libnosys.a(close.o)
                0x000000000800d96c                _close
 .text._fstat   0x000000000800d97c       0x10 d:/software/stm32cubeide_1.10.1/stm32cubeide/plugins/com.st.stm32cube.ide.mcu.externaltools.gnu-tools-for-stm32.10.3-2021.10.win32_1.0.0.202111181127/tools/bin/../lib/gcc/arm-none-eabi/10.3.1/../../../../arm-none-eabi/lib/thumb/v7e-m+fp/hard\libnosys.a(fstat.o)
                0x000000000800d97c                _fstat
 .text._getpid  0x000000000800d98c       0x10 d:/software/stm32cubeide_1.10.1/stm32cubeide/plugins/com.st.stm32cube.ide.mcu.externaltools.gnu-tools-for-stm32.10.3-2021.10.win32_1.0.0.202111181127/tools/bin/../lib/gcc/arm-none-eabi/10.3.1/../../../../arm-none-eabi/lib/thumb/v7e-m+fp/hard\libnosys.a(getpid.o)
                0x000000000800d98c                _getpid
 .text._isatty  0x000000000800d99c       0x10 d:/software/stm32cubeide_1.10.1/stm32cubeide/plugins/com.st.stm32cube.ide.mcu.externaltools.gnu-tools-for-stm32.10.3-2021.10.win32_1.0.0.202111181127/tools/bin/../lib/gcc/arm-none-eabi/10.3.1/../../../../arm-none-eabi/lib/thumb/v7e-m+fp/hard\libnosys.a(isatty.o)
                0x000000000800d99c                _isatty
 .text._kill    0x000000000800d9ac       0x10 d:/software/stm32cubeide_1.10.1/stm32cubeide/plugins/com.st.stm32cube.ide.mcu.externaltools.gnu-tools-for-stm32.10.3-2021.10.win32_1.0.0.202111181127/tools/bin/../lib/gcc/arm-none-eabi/10.3.1/../../../../arm-none-eabi/lib/thumb/v7e-m+fp/hard\libnosys.a(kill.o)
                0x000000000800d9ac                _kill
 .text._lseek   0x000000000800d9bc       0x10 d:/software/stm32cubeide_1.10.1/stm32cubeide/plugins/com.st.stm32cube.ide.mcu.externaltools.gnu-tools-for-stm32.10.3-2021.10.win32_1.0.0.202111181127/tools/bin/../lib/gcc/arm-none-eabi/10.3.1/../../../../arm-none-eabi/lib/thumb/v7e-m+fp/hard\libnosys.a(lseek.o)
                0x000000000800d9bc                _lseek
 .text._read    0x000000000800d9cc       0x10 d:/software/stm32cubeide_1.10.1/stm32cubeide/plugins/com.st.stm32cube.ide.mcu.externaltools.gnu-tools-for-stm32.10.3-2021.10.win32_1.0.0.202111181127/tools/bin/../lib/gcc/arm-none-eabi/10.3.1/../../../../arm-none-eabi/lib/thumb/v7e-m+fp/hard\libnosys.a(read.o)
                0x000000000800d9cc                _read
 .text._write   0x000000000800d9dc       0x10 d:/software/stm32cubeide_1.10.1/stm32cubeide/plugins/com.st.stm32cube.ide.mcu.externaltools.gnu-tools-for-stm32.10.3-2021.10.win32_1.0.0.202111181127/tools/bin/../lib/gcc/arm-none-eabi/10.3.1/../../../../arm-none-eabi/lib/thumb/v7e-m+fp/hard\libnosys.a(write.o)
                0x000000000800d9dc                _write
 .text._exit    0x000000000800d9ec        0x2 d:/software/stm32cubeide_1.10.1/stm32cubeide/plugins/com.st.stm32cube.ide.mcu.externaltools.gnu-tools-for-stm32.10.3-2021.10.win32_1.0.0.202111181127/tools/bin/../lib/gcc/arm-none-eabi/10.3.1/../../../../arm-none-eabi/lib/thumb/v7e-m+fp/hard\libnosys.a(_exit.o)
                0x000000000800d9ec                _exit
 *(.glue_7)
 .glue_7        0x000000000800d9ee        0x0 linker stubs
 *(.glue_7t)
 .glue_7t       0x000000000800d9ee        0x0 linker stubs
 *(.eh_frame)
 *fill*         0x000000000800d9ee        0x2 
 .eh_frame      0x000000000800d9f0        0x0 d:/software/stm32cubeide_1.10.1/stm32cubeide/plugins/com.st.stm32cube.ide.mcu.externaltools.gnu-tools-for-stm32.10.3-2021.10.win32_1.0.0.202111181127/tools/bin/../lib/gcc/arm-none-eabi/10.3.1/thumb/v7e-m+fp/hard/crtbegin.o
 *(.init)